2025-04-23 00:13:20.003 INFO Dataset - __init__: Creating Dataset object from <class 'pandas.core.frame.DataFrame'>
2025-04-23 00:13:20.022 INFO Dataset - drop_columns: Dropping columns ['Unnamed: 0', 'key', 'pat_age_yrs', 'sex'] from dataset
2025-04-23 00:13:20.124 INFO Dataset - rename_target: Renaming target column wbit_error to 'target'
2025-04-23 00:13:20.182 INFO Dataset - clean_missing: Cleaning missing data with threshold 0.15 and method delete
2025-04-23 00:13:21.049 INFO Dataset - clean_missing: Columns droped: ['mpv_delta', 'immature_granulocyte_automated_count_delta', 'absolute_immature_granulocyte_automated_count_delta', 'atypical_lymphocytes_manual_count_delta', 'bands_manual_count_delta', 'blasts_manual_count_delta', 'promyelocytes_manual_count_delta', 'myelocytes_manual_count_delta', 'metamyelocytes_manual_count_delta', 'other_cell_type_manual_count_delta', 'absolute_blasts_manual_count_delta', 'absolute_promyelocytes_manual_count_delta', 'absolute_myelocytes_manual_count_delta', 'absolute_metamyelocytes_manual_count_delta', 'absolute_other_cell_type_manual_count_delta', 'mpv_pct_delta', 'nrbc_per_100_wbcs_by_automated_count_pct_delta', 'immature_granulocyte_automated_count_pct_delta', 'eosinophils_count_pct_delta', 'basophils_count_pct_delta', 'absolute_immature_granulocyte_automated_count_pct_delta', 'absolute_eosinophils_count_pct_delta', 'absolute_basophils_count_pct_delta', 'atypical_lymphocytes_manual_count_pct_delta', 'bands_manual_count_pct_delta', 'blasts_manual_count_pct_delta', 'promyelocytes_manual_count_pct_delta', 'myelocytes_manual_count_pct_delta', 'metamyelocytes_manual_count_pct_delta', 'other_cell_type_manual_count_pct_delta', 'absolute_blasts_manual_count_pct_delta', 'absolute_promyelocytes_manual_count_pct_delta', 'absolute_myelocytes_manual_count_pct_delta', 'absolute_metamyelocytes_manual_count_pct_delta', 'absolute_other_cell_type_manual_count_pct_delta']
2025-04-23 00:13:21.220 INFO ada_boost - execute_ada_boost:    target  hrs_between_cbcs  wbc_delta  rbc_delta  hgb_delta  hct_delta  ...  neutrophils_count_pct_delta  lymphocytes_count_pct_delta  monocytes_count_pct_delta  absolute_neutrophils_count_pct_delta  absolute_lymphocytes_count_pct_delta  absolute_monocytes_count_pct_delta
0       1         -0.717214  -0.296199   0.652709   1.318984   1.550687  ...                    -0.080134                    -0.176260                  -0.262622                             -0.085394                             -0.200600                           -0.135778
2       0          0.855957   0.050094  -0.244131  -0.336978  -0.344973  ...                    -0.098100                    -0.099024                  -0.131293                             -0.077033                             -0.085940                           -0.086319
3       0          0.044041   0.817556   0.046394   0.021068  -0.161522  ...                    -0.075078                    -0.118787                  -0.177745                             -0.056106                             -0.025029                           -0.050665
4       0          1.438563   0.031376   0.551656   0.513381   0.449981  ...                    -0.147606                    -0.108794                  -0.121806                             -0.083027                             -0.103945                           -0.087332
5       1          1.911405   0.836274   1.435864   0.110579   0.449981  ...                    -0.304911                    -0.025670                  -0.498094                             -0.073072                              0.693496                           -0.149306

[5 rows x 39 columns]
2025-04-23 00:13:21.257 INFO ada_boost - execute_ada_boost: start ada_boost classifier training
2025-04-23 00:14:12.069 INFO utils - save_model: saving model to ./models/ada_boost_classifier.pkl
2025-04-23 00:14:12.081 INFO utils - get_cross_val_predictions: Getting cross validation predictions for AdaBoostClassifier(learning_rate=1, n_estimators=250, random_state=0)
2025-04-23 00:17:32.415 INFO utils - get_cross_val_predictions: Trying to get cross validation probabilities for AdaBoostClassifier(learning_rate=1, n_estimators=250, random_state=0)
2025-04-23 00:20:53.200 INFO utils - get_predictions: Getting test predictions for AdaBoostClassifier(learning_rate=1, n_estimators=250, random_state=0)
2025-04-23 00:20:53.672 INFO utils - get_predictions: Trying to get test predictions for AdaBoostClassifier(learning_rate=1, n_estimators=250, random_state=0)
2025-04-23 00:20:54.142 INFO utils - save_prediction: saving model to ./predictions/ada_boost_val_predictions.pkl
2025-04-23 00:20:54.143 INFO utils - save_prediction: saving model to ./predictions/ada_boost_test_predictions.pkl
2025-04-23 00:20:54.144 INFO utils - save_prediction: saving model to ./predictions/ada_boost_val_probabilities.pkl
2025-04-23 00:20:54.147 INFO utils - save_prediction: saving model to ./predictions/ada_boost_test_probabilities.pkl
2025-04-23 00:20:54.166 INFO utils - get_metrics: ada-boost validation accuracy: 0.9421
2025-04-23 00:20:54.166 INFO utils - get_metrics: ada-boost validation f1 score: 0.941
2025-04-23 00:20:54.166 INFO utils - get_metrics: ada-boost validation recall: 0.9327
2025-04-23 00:20:54.166 INFO utils - get_metrics: ada-boost validation precision: 0.9494
2025-04-23 00:20:54.168 INFO utils - get_metrics: ada-boost validation confusion matrix 
 [[37137  1899]
 [ 2572 35645]]
2025-04-23 00:20:54.455 INFO utils - get_metrics: ada-boost test accuracy: 0.9447
2025-04-23 00:20:54.455 INFO utils - get_metrics: ada-boost test f1 score: 0.9444
2025-04-23 00:20:54.455 INFO utils - get_metrics: ada-boost test recall: 0.9381
2025-04-23 00:20:54.455 INFO utils - get_metrics: ada-boost test precision: 0.9507
2025-04-23 00:20:54.456 INFO utils - get_metrics: ada-boost test confusion matrix 
 [[6490  332]
 [ 422 6398]]
2025-04-23 08:44:41.440 INFO Dataset - __init__: Creating Dataset object from <class 'pandas.core.frame.DataFrame'>
2025-04-23 08:44:41.466 INFO Dataset - drop_columns: Dropping columns ['Unnamed: 0', 'key', 'pat_age_yrs', 'sex'] from dataset
2025-04-23 08:44:41.588 INFO Dataset - rename_target: Renaming target column wbit_error to 'target'
2025-04-23 08:44:41.665 INFO Dataset - clean_missing: Cleaning missing data with threshold 0.15 and method delete
2025-04-23 08:44:42.588 INFO Dataset - clean_missing: Columns droped: ['mpv_delta', 'immature_granulocyte_automated_count_delta', 'absolute_immature_granulocyte_automated_count_delta', 'atypical_lymphocytes_manual_count_delta', 'bands_manual_count_delta', 'blasts_manual_count_delta', 'promyelocytes_manual_count_delta', 'myelocytes_manual_count_delta', 'metamyelocytes_manual_count_delta', 'other_cell_type_manual_count_delta', 'absolute_blasts_manual_count_delta', 'absolute_promyelocytes_manual_count_delta', 'absolute_myelocytes_manual_count_delta', 'absolute_metamyelocytes_manual_count_delta', 'absolute_other_cell_type_manual_count_delta', 'mpv_pct_delta', 'nrbc_per_100_wbcs_by_automated_count_pct_delta', 'immature_granulocyte_automated_count_pct_delta', 'eosinophils_count_pct_delta', 'basophils_count_pct_delta', 'absolute_immature_granulocyte_automated_count_pct_delta', 'absolute_eosinophils_count_pct_delta', 'absolute_basophils_count_pct_delta', 'atypical_lymphocytes_manual_count_pct_delta', 'bands_manual_count_pct_delta', 'blasts_manual_count_pct_delta', 'promyelocytes_manual_count_pct_delta', 'myelocytes_manual_count_pct_delta', 'metamyelocytes_manual_count_pct_delta', 'other_cell_type_manual_count_pct_delta', 'absolute_blasts_manual_count_pct_delta', 'absolute_promyelocytes_manual_count_pct_delta', 'absolute_myelocytes_manual_count_pct_delta', 'absolute_metamyelocytes_manual_count_pct_delta', 'absolute_other_cell_type_manual_count_pct_delta']
2025-04-23 08:44:42.588 INFO Dataset - standarize: Standarizing data with cols to ignore ['target']
2025-04-23 08:44:42.685 INFO Dataset - split_x_y: Splitting data into x and y
2025-04-23 08:44:42.710 INFO naive_bayes - execute_naive_bayes:    target  hrs_between_cbcs  wbc_delta  ...  absolute_neutrophils_count_pct_delta  absolute_lymphocytes_count_pct_delta  absolute_monocytes_count_pct_delta
0       1         -0.717214  -0.296199  ...                             -0.085394                             -0.200600                           -0.135778
2       0          0.855957   0.050094  ...                             -0.077033                             -0.085940                           -0.086319
3       0          0.044041   0.817556  ...                             -0.056106                             -0.025029                           -0.050665
4       0          1.438563   0.031376  ...                             -0.083027                             -0.103945                           -0.087332
5       1          1.911405   0.836274  ...                             -0.073072                              0.693496                           -0.149306

[5 rows x 39 columns]
2025-04-23 08:44:42.752 INFO naive_bayes - execute_naive_bayes: start gradient_boosting classifier training
2025-04-23 08:44:42.834 INFO utils - save_model: saving model to ./models/naive_bayes_classifier.pkl
2025-04-23 08:44:42.837 INFO utils - get_cross_val_predictions: Getting cross validation predictions for GaussianNB()
2025-04-23 08:44:43.502 INFO utils - get_cross_val_predictions: Trying to get cross validation probabilities for GaussianNB()
2025-04-23 08:44:44.439 INFO utils - get_predictions: Getting test predictions for GaussianNB()
2025-04-23 08:44:44.456 INFO utils - get_predictions: Trying to get test predictions for GaussianNB()
2025-04-23 08:44:44.474 INFO utils - save_prediction: saving model to ./predictions/naive_bayes_val_predictions.pkl
2025-04-23 08:44:44.476 INFO utils - save_prediction: saving model to ./predictions/naive_bayes_test_predictions.pkl
2025-04-23 08:44:44.478 INFO utils - save_prediction: saving model to ./predictions/naive_bayes_val_probabilities.pkl
2025-04-23 08:44:44.480 INFO utils - save_prediction: saving model to ./predictions/naive_bayes_test_probabilities.pkl
2025-04-23 08:44:44.504 INFO utils - get_metrics: naive_bayes validation accuracy: 0.8884
2025-04-23 08:44:44.504 INFO utils - get_metrics: naive_bayes validation f1 score: 0.8797
2025-04-23 08:44:44.504 INFO utils - get_metrics: naive_bayes validation recall: 0.8245
2025-04-23 08:44:44.504 INFO utils - get_metrics: naive_bayes validation precision: 0.9428
2025-04-23 08:44:44.508 INFO utils - get_metrics: naive_bayes validation confusion matrix 
 [[37125  1911]
 [ 6708 31509]]
2025-04-23 08:44:45.052 INFO utils - get_metrics: naive_bayes test accuracy: 0.8938
2025-04-23 08:44:45.052 INFO utils - get_metrics: naive_bayes test f1 score: 0.887
2025-04-23 08:44:45.052 INFO utils - get_metrics: naive_bayes test recall: 0.8339
2025-04-23 08:44:45.052 INFO utils - get_metrics: naive_bayes test precision: 0.9474
2025-04-23 08:44:45.054 INFO utils - get_metrics: naive_bayes test confusion matrix 
 [[6506  316]
 [1133 5687]]
2025-04-23 08:45:06.236 INFO Dataset - __init__: Creating Dataset object from <class 'pandas.core.frame.DataFrame'>
2025-04-23 08:45:06.255 INFO Dataset - drop_columns: Dropping columns ['Unnamed: 0', 'key', 'pat_age_yrs', 'sex'] from dataset
2025-04-23 08:45:06.354 INFO Dataset - rename_target: Renaming target column wbit_error to 'target'
2025-04-23 08:45:06.411 INFO Dataset - clean_missing: Cleaning missing data with threshold 0.15 and method delete
2025-04-23 08:45:07.326 INFO Dataset - clean_missing: Columns droped: ['mpv_delta', 'immature_granulocyte_automated_count_delta', 'absolute_immature_granulocyte_automated_count_delta', 'atypical_lymphocytes_manual_count_delta', 'bands_manual_count_delta', 'blasts_manual_count_delta', 'promyelocytes_manual_count_delta', 'myelocytes_manual_count_delta', 'metamyelocytes_manual_count_delta', 'other_cell_type_manual_count_delta', 'absolute_blasts_manual_count_delta', 'absolute_promyelocytes_manual_count_delta', 'absolute_myelocytes_manual_count_delta', 'absolute_metamyelocytes_manual_count_delta', 'absolute_other_cell_type_manual_count_delta', 'mpv_pct_delta', 'nrbc_per_100_wbcs_by_automated_count_pct_delta', 'immature_granulocyte_automated_count_pct_delta', 'eosinophils_count_pct_delta', 'basophils_count_pct_delta', 'absolute_immature_granulocyte_automated_count_pct_delta', 'absolute_eosinophils_count_pct_delta', 'absolute_basophils_count_pct_delta', 'atypical_lymphocytes_manual_count_pct_delta', 'bands_manual_count_pct_delta', 'blasts_manual_count_pct_delta', 'promyelocytes_manual_count_pct_delta', 'myelocytes_manual_count_pct_delta', 'metamyelocytes_manual_count_pct_delta', 'other_cell_type_manual_count_pct_delta', 'absolute_blasts_manual_count_pct_delta', 'absolute_promyelocytes_manual_count_pct_delta', 'absolute_myelocytes_manual_count_pct_delta', 'absolute_metamyelocytes_manual_count_pct_delta', 'absolute_other_cell_type_manual_count_pct_delta']
2025-04-23 08:45:07.326 INFO Dataset - standarize: Standarizing data with cols to ignore ['target']
2025-04-23 08:45:07.404 INFO Dataset - split_x_y: Splitting data into x and y
2025-04-23 08:45:07.423 INFO naive_bayes - execute_naive_bayes:    target  hrs_between_cbcs  wbc_delta  ...  absolute_neutrophils_count_pct_delta  absolute_lymphocytes_count_pct_delta  absolute_monocytes_count_pct_delta
0       1         -0.717214  -0.296199  ...                             -0.085394                             -0.200600                           -0.135778
2       0          0.855957   0.050094  ...                             -0.077033                             -0.085940                           -0.086319
3       0          0.044041   0.817556  ...                             -0.056106                             -0.025029                           -0.050665
4       0          1.438563   0.031376  ...                             -0.083027                             -0.103945                           -0.087332
5       1          1.911405   0.836274  ...                             -0.073072                              0.693496                           -0.149306

[5 rows x 39 columns]
2025-04-23 08:45:07.452 INFO naive_bayes - execute_naive_bayes: start gradient_boosting classifier training
2025-04-23 08:45:07.524 INFO utils - save_model: saving model to ./models/naive_bayes_classifier.pkl
2025-04-23 08:45:07.525 INFO utils - get_cross_val_predictions: Getting cross validation predictions for GaussianNB()
2025-04-23 08:45:08.083 INFO utils - get_cross_val_predictions: Trying to get cross validation probabilities for GaussianNB()
2025-04-23 08:45:08.631 INFO utils - get_predictions: Getting test predictions for GaussianNB()
2025-04-23 08:45:08.646 INFO utils - get_predictions: Trying to get test predictions for GaussianNB()
2025-04-23 08:45:08.663 INFO utils - save_prediction: saving model to ./predictions/naive_bayes_val_predictions.pkl
2025-04-23 08:45:08.664 INFO utils - save_prediction: saving model to ./predictions/naive_bayes_test_predictions.pkl
2025-04-23 08:45:08.665 INFO utils - save_prediction: saving model to ./predictions/naive_bayes_val_probabilities.pkl
2025-04-23 08:45:08.667 INFO utils - save_prediction: saving model to ./predictions/naive_bayes_test_probabilities.pkl
2025-04-23 08:45:08.692 INFO utils - get_metrics: naive_bayes validation accuracy: 0.8884
2025-04-23 08:45:08.692 INFO utils - get_metrics: naive_bayes validation f1 score: 0.8797
2025-04-23 08:45:08.692 INFO utils - get_metrics: naive_bayes validation recall: 0.8245
2025-04-23 08:45:08.692 INFO utils - get_metrics: naive_bayes validation precision: 0.9428
2025-04-23 08:45:08.695 INFO utils - get_metrics: naive_bayes validation confusion matrix 
 [[37125  1911]
 [ 6708 31509]]
2025-04-23 08:45:09.089 INFO utils - get_metrics: naive_bayes test accuracy: 0.8938
2025-04-23 08:45:09.090 INFO utils - get_metrics: naive_bayes test f1 score: 0.887
2025-04-23 08:45:09.090 INFO utils - get_metrics: naive_bayes test recall: 0.8339
2025-04-23 08:45:09.090 INFO utils - get_metrics: naive_bayes test precision: 0.9474
2025-04-23 08:45:09.092 INFO utils - get_metrics: naive_bayes test confusion matrix 
 [[6506  316]
 [1133 5687]]
2025-04-23 08:45:30.987 INFO Dataset - __init__: Creating Dataset object from <class 'pandas.core.frame.DataFrame'>
2025-04-23 08:45:31.007 INFO Dataset - drop_columns: Dropping columns ['Unnamed: 0', 'key', 'pat_age_yrs', 'sex'] from dataset
2025-04-23 08:45:31.131 INFO Dataset - rename_target: Renaming target column wbit_error to 'target'
2025-04-23 08:45:31.242 INFO Dataset - clean_missing: Cleaning missing data with threshold 0.15 and method delete
2025-04-23 08:45:32.321 INFO Dataset - clean_missing: Columns droped: ['mpv_delta', 'immature_granulocyte_automated_count_delta', 'absolute_immature_granulocyte_automated_count_delta', 'atypical_lymphocytes_manual_count_delta', 'bands_manual_count_delta', 'blasts_manual_count_delta', 'promyelocytes_manual_count_delta', 'myelocytes_manual_count_delta', 'metamyelocytes_manual_count_delta', 'other_cell_type_manual_count_delta', 'absolute_blasts_manual_count_delta', 'absolute_promyelocytes_manual_count_delta', 'absolute_myelocytes_manual_count_delta', 'absolute_metamyelocytes_manual_count_delta', 'absolute_other_cell_type_manual_count_delta', 'mpv_pct_delta', 'nrbc_per_100_wbcs_by_automated_count_pct_delta', 'immature_granulocyte_automated_count_pct_delta', 'eosinophils_count_pct_delta', 'basophils_count_pct_delta', 'absolute_immature_granulocyte_automated_count_pct_delta', 'absolute_eosinophils_count_pct_delta', 'absolute_basophils_count_pct_delta', 'atypical_lymphocytes_manual_count_pct_delta', 'bands_manual_count_pct_delta', 'blasts_manual_count_pct_delta', 'promyelocytes_manual_count_pct_delta', 'myelocytes_manual_count_pct_delta', 'metamyelocytes_manual_count_pct_delta', 'other_cell_type_manual_count_pct_delta', 'absolute_blasts_manual_count_pct_delta', 'absolute_promyelocytes_manual_count_pct_delta', 'absolute_myelocytes_manual_count_pct_delta', 'absolute_metamyelocytes_manual_count_pct_delta', 'absolute_other_cell_type_manual_count_pct_delta']
2025-04-23 08:45:32.322 INFO Dataset - standarize: Standarizing data with cols to ignore ['target']
2025-04-23 08:45:32.422 INFO Dataset - split_x_y: Splitting data into x and y
2025-04-23 08:45:32.442 INFO naive_bayes - execute_naive_bayes:    target  hrs_between_cbcs  wbc_delta  ...  absolute_neutrophils_count_pct_delta  absolute_lymphocytes_count_pct_delta  absolute_monocytes_count_pct_delta
0       1         -0.717214  -0.296199  ...                             -0.085394                             -0.200600                           -0.135778
2       0          0.855957   0.050094  ...                             -0.077033                             -0.085940                           -0.086319
3       0          0.044041   0.817556  ...                             -0.056106                             -0.025029                           -0.050665
4       0          1.438563   0.031376  ...                             -0.083027                             -0.103945                           -0.087332
5       1          1.911405   0.836274  ...                             -0.073072                              0.693496                           -0.149306

[5 rows x 39 columns]
2025-04-23 08:45:32.471 INFO naive_bayes - execute_naive_bayes: start gradient_boosting classifier training
2025-04-23 08:45:32.547 INFO utils - save_model: saving model to ./models/naive_bayes_classifier.pkl
2025-04-23 08:45:32.549 INFO utils - get_cross_val_predictions: Getting cross validation predictions for GaussianNB()
2025-04-23 08:45:33.146 INFO utils - get_cross_val_predictions: Trying to get cross validation probabilities for GaussianNB()
2025-04-23 08:45:33.702 INFO utils - get_predictions: Getting test predictions for GaussianNB()
2025-04-23 08:45:33.718 INFO utils - get_predictions: Trying to get test predictions for GaussianNB()
2025-04-23 08:45:33.736 INFO utils - save_prediction: saving model to ./predictions/naive_bayes_val_predictions.pkl
2025-04-23 08:45:33.737 INFO utils - save_prediction: saving model to ./predictions/naive_bayes_test_predictions.pkl
2025-04-23 08:45:33.739 INFO utils - save_prediction: saving model to ./predictions/naive_bayes_val_probabilities.pkl
2025-04-23 08:45:33.741 INFO utils - save_prediction: saving model to ./predictions/naive_bayes_test_probabilities.pkl
2025-04-23 08:45:33.763 INFO utils - get_metrics: naive_bayes validation accuracy: 0.8884
2025-04-23 08:45:33.763 INFO utils - get_metrics: naive_bayes validation f1 score: 0.8797
2025-04-23 08:45:33.763 INFO utils - get_metrics: naive_bayes validation recall: 0.8245
2025-04-23 08:45:33.763 INFO utils - get_metrics: naive_bayes validation precision: 0.9428
2025-04-23 08:45:33.766 INFO utils - get_metrics: naive_bayes validation confusion matrix 
 [[37125  1911]
 [ 6708 31509]]
2025-04-23 08:45:34.067 INFO utils - get_metrics: naive_bayes test accuracy: 0.8938
2025-04-23 08:45:34.067 INFO utils - get_metrics: naive_bayes test f1 score: 0.887
2025-04-23 08:45:34.067 INFO utils - get_metrics: naive_bayes test recall: 0.8339
2025-04-23 08:45:34.067 INFO utils - get_metrics: naive_bayes test precision: 0.9474
2025-04-23 08:45:34.068 INFO utils - get_metrics: naive_bayes test confusion matrix 
 [[6506  316]
 [1133 5687]]
2025-04-23 08:58:46.447 INFO Dataset - __init__: Creating Dataset object from <class 'pandas.core.frame.DataFrame'>
2025-04-23 08:58:46.498 INFO Dataset - drop_columns: Dropping columns ['Unnamed: 0', 'key', 'pat_age_yrs', 'sex'] from dataset
2025-04-23 08:58:46.733 INFO Dataset - rename_target: Renaming target column wbit_error to 'target'
2025-04-23 08:58:46.871 INFO Dataset - clean_missing: Cleaning missing data with threshold 0.15 and method delete
2025-04-23 08:58:48.606 INFO Dataset - clean_missing: Columns droped: ['mpv_delta', 'immature_granulocyte_automated_count_delta', 'absolute_immature_granulocyte_automated_count_delta', 'atypical_lymphocytes_manual_count_delta', 'bands_manual_count_delta', 'blasts_manual_count_delta', 'promyelocytes_manual_count_delta', 'myelocytes_manual_count_delta', 'metamyelocytes_manual_count_delta', 'other_cell_type_manual_count_delta', 'absolute_blasts_manual_count_delta', 'absolute_promyelocytes_manual_count_delta', 'absolute_myelocytes_manual_count_delta', 'absolute_metamyelocytes_manual_count_delta', 'absolute_other_cell_type_manual_count_delta', 'mpv_pct_delta', 'nrbc_per_100_wbcs_by_automated_count_pct_delta', 'immature_granulocyte_automated_count_pct_delta', 'eosinophils_count_pct_delta', 'basophils_count_pct_delta', 'absolute_immature_granulocyte_automated_count_pct_delta', 'absolute_eosinophils_count_pct_delta', 'absolute_basophils_count_pct_delta', 'atypical_lymphocytes_manual_count_pct_delta', 'bands_manual_count_pct_delta', 'blasts_manual_count_pct_delta', 'promyelocytes_manual_count_pct_delta', 'myelocytes_manual_count_pct_delta', 'metamyelocytes_manual_count_pct_delta', 'other_cell_type_manual_count_pct_delta', 'absolute_blasts_manual_count_pct_delta', 'absolute_promyelocytes_manual_count_pct_delta', 'absolute_myelocytes_manual_count_pct_delta', 'absolute_metamyelocytes_manual_count_pct_delta', 'absolute_other_cell_type_manual_count_pct_delta']
2025-04-23 08:58:48.625 INFO Dataset - create_cuadratic_features: Creating cuadratic features from columns ['hrs_between_cbcs', 'wbc_delta', 'rbc_delta', 'hgb_delta', 'hct_delta', 'mcv_delta', 'mch_delta', 'mchc_delta', 'rdw_with_standard_deviation_delta', 'rdw_coefficient_of_variation_delta', 'platelet_count_delta', 'nrbc_per_100_wbcs_by_automated_count_delta', 'neutrophils_count_delta', 'lymphocytes_count_delta', 'monocytes_count_delta', 'eosinophils_count_delta', 'basophils_count_delta', 'absolute_neutrophils_count_delta', 'absolute_lymphocytes_count_delta', 'absolute_monocytes_count_delta', 'absolute_eosinophils_count_delta', 'absolute_basophils_count_delta', 'wbc_pct_delta', 'rbc_pct_delta', 'hgb_pct_delta', 'hct_pct_delta', 'mcv_pct_delta', 'mch_pct_delta', 'mchc_pct_delta', 'rdw_with_standard_deviation_pct_delta', 'rdw_coefficient_of_variation_pct_delta', 'platelet_count_pct_delta', 'neutrophils_count_pct_delta', 'lymphocytes_count_pct_delta', 'monocytes_count_pct_delta', 'absolute_neutrophils_count_pct_delta', 'absolute_lymphocytes_count_pct_delta', 'absolute_monocytes_count_pct_delta']
2025-04-23 08:58:51.020 INFO Dataset - standarize: Standarizing data with cols to ignore ['target']
2025-04-23 08:58:53.840 INFO Dataset - split_x_y: Splitting data into x and y
2025-04-23 08:58:54.406 INFO naive_bayes - execute_naive_bayes:    target  hrs_between_cbcs  wbc_delta  rbc_delta  hgb_delta  hct_delta  mcv_delta  ...     34_37     35_35     35_36     35_37     36_36     36_37     37_37
0       1         -0.717214  -0.296199   0.652709   1.318984   1.550687   1.639780  ... -0.039594 -0.027133 -0.024982 -0.029871 -0.025812 -0.015214 -0.011352
2       0          0.855957   0.050094  -0.244131  -0.336978  -0.344973  -0.158598  ... -0.036878 -0.027121 -0.024169 -0.029685 -0.025182 -0.014378 -0.011280
3       0          0.044041   0.817556   0.046394   0.021068  -0.161522  -0.388466  ... -0.035981 -0.027075 -0.022789 -0.029309 -0.024588 -0.013504 -0.011194
4       0          1.438563   0.031376   0.551656   0.513381   0.449981  -0.266771  ... -0.036829 -0.027130 -0.024470 -0.029743 -0.025323 -0.014491 -0.011282
5       1          1.911405   0.836274   1.435864   0.110579   0.449981  -2.295017  ... -0.040698 -0.027114 -0.018516 -0.029866 -0.003970 -0.013671 -0.011362

[5 rows x 780 columns]
2025-04-23 08:58:54.548 INFO naive_bayes - execute_naive_bayes: start gradient_boosting classifier training
2025-04-23 08:58:57.510 INFO utils - save_model: saving model to ./models/naive_bayes_classifier.pkl
2025-04-23 08:58:57.517 INFO utils - get_cross_val_predictions: Getting cross validation predictions for GaussianNB()
2025-04-23 08:59:22.793 INFO Dataset - __init__: Creating Dataset object from <class 'pandas.core.frame.DataFrame'>
2025-04-23 08:59:22.846 INFO Dataset - drop_columns: Dropping columns ['Unnamed: 0', 'key', 'pat_age_yrs', 'sex'] from dataset
2025-04-23 08:59:23.108 INFO Dataset - rename_target: Renaming target column wbit_error to 'target'
2025-04-23 08:59:23.268 INFO Dataset - clean_missing: Cleaning missing data with threshold 0.15 and method delete
2025-04-23 08:59:25.229 INFO Dataset - clean_missing: Columns droped: ['mpv_delta', 'immature_granulocyte_automated_count_delta', 'absolute_immature_granulocyte_automated_count_delta', 'atypical_lymphocytes_manual_count_delta', 'bands_manual_count_delta', 'blasts_manual_count_delta', 'promyelocytes_manual_count_delta', 'myelocytes_manual_count_delta', 'metamyelocytes_manual_count_delta', 'other_cell_type_manual_count_delta', 'absolute_blasts_manual_count_delta', 'absolute_promyelocytes_manual_count_delta', 'absolute_myelocytes_manual_count_delta', 'absolute_metamyelocytes_manual_count_delta', 'absolute_other_cell_type_manual_count_delta', 'mpv_pct_delta', 'nrbc_per_100_wbcs_by_automated_count_pct_delta', 'immature_granulocyte_automated_count_pct_delta', 'eosinophils_count_pct_delta', 'basophils_count_pct_delta', 'absolute_immature_granulocyte_automated_count_pct_delta', 'absolute_eosinophils_count_pct_delta', 'absolute_basophils_count_pct_delta', 'atypical_lymphocytes_manual_count_pct_delta', 'bands_manual_count_pct_delta', 'blasts_manual_count_pct_delta', 'promyelocytes_manual_count_pct_delta', 'myelocytes_manual_count_pct_delta', 'metamyelocytes_manual_count_pct_delta', 'other_cell_type_manual_count_pct_delta', 'absolute_blasts_manual_count_pct_delta', 'absolute_promyelocytes_manual_count_pct_delta', 'absolute_myelocytes_manual_count_pct_delta', 'absolute_metamyelocytes_manual_count_pct_delta', 'absolute_other_cell_type_manual_count_pct_delta']
2025-04-23 08:59:25.252 INFO Dataset - create_cuadratic_features: Creating cuadratic features from columns ['hrs_between_cbcs', 'wbc_delta', 'rbc_delta', 'hgb_delta', 'hct_delta', 'mcv_delta', 'mch_delta', 'mchc_delta', 'rdw_with_standard_deviation_delta', 'rdw_coefficient_of_variation_delta', 'platelet_count_delta', 'nrbc_per_100_wbcs_by_automated_count_delta', 'neutrophils_count_delta', 'lymphocytes_count_delta', 'monocytes_count_delta', 'eosinophils_count_delta', 'basophils_count_delta', 'absolute_neutrophils_count_delta', 'absolute_lymphocytes_count_delta', 'absolute_monocytes_count_delta', 'absolute_eosinophils_count_delta', 'absolute_basophils_count_delta', 'wbc_pct_delta', 'rbc_pct_delta', 'hgb_pct_delta', 'hct_pct_delta', 'mcv_pct_delta', 'mch_pct_delta', 'mchc_pct_delta', 'rdw_with_standard_deviation_pct_delta', 'rdw_coefficient_of_variation_pct_delta', 'platelet_count_pct_delta', 'neutrophils_count_pct_delta', 'lymphocytes_count_pct_delta', 'monocytes_count_pct_delta', 'absolute_neutrophils_count_pct_delta', 'absolute_lymphocytes_count_pct_delta', 'absolute_monocytes_count_pct_delta']
2025-04-23 08:59:28.301 INFO Dataset - standarize: Standarizing data with cols to ignore ['target']
2025-04-23 08:59:33.160 INFO Dataset - split_x_y: Splitting data into x and y
2025-04-23 08:59:34.364 INFO naive_bayes - execute_naive_bayes:    target  hrs_between_cbcs  wbc_delta  rbc_delta  hgb_delta  hct_delta  ...     35_35     35_36     35_37     36_36     36_37     37_37
0       1         -0.717214  -0.296199   0.652709   1.318984   1.550687  ... -0.027133 -0.024982 -0.029871 -0.025812 -0.015214 -0.011352
2       0          0.855957   0.050094  -0.244131  -0.336978  -0.344973  ... -0.027121 -0.024169 -0.029685 -0.025182 -0.014378 -0.011280
3       0          0.044041   0.817556   0.046394   0.021068  -0.161522  ... -0.027075 -0.022789 -0.029309 -0.024588 -0.013504 -0.011194
4       0          1.438563   0.031376   0.551656   0.513381   0.449981  ... -0.027130 -0.024470 -0.029743 -0.025323 -0.014491 -0.011282
5       1          1.911405   0.836274   1.435864   0.110579   0.449981  ... -0.027114 -0.018516 -0.029866 -0.003970 -0.013671 -0.011362

[5 rows x 780 columns]
2025-04-23 08:59:34.639 INFO naive_bayes - execute_naive_bayes: start gradient_boosting classifier training
2025-04-23 08:59:38.326 INFO utils - save_model: saving model to ./models/naive_bayes_classifier.pkl
2025-04-23 08:59:38.342 INFO utils - get_cross_val_predictions: Getting cross validation predictions for GaussianNB()
2025-04-23 08:59:54.858 INFO utils - get_cross_val_predictions: Trying to get cross validation probabilities for GaussianNB()
2025-04-23 09:00:08.449 INFO utils - get_predictions: Getting test predictions for GaussianNB()
2025-04-23 09:00:08.722 INFO utils - get_predictions: Trying to get test predictions for GaussianNB()
2025-04-23 09:00:09.017 INFO utils - save_prediction: saving model to ./predictions/naive_bayes_val_predictions.pkl
2025-04-23 09:00:09.018 INFO utils - save_prediction: saving model to ./predictions/naive_bayes_test_predictions.pkl
2025-04-23 09:00:09.019 INFO utils - save_prediction: saving model to ./predictions/naive_bayes_val_probabilities.pkl
2025-04-23 09:00:09.021 INFO utils - save_prediction: saving model to ./predictions/naive_bayes_test_probabilities.pkl
2025-04-23 09:00:09.050 INFO utils - get_metrics: naive_bayes validation accuracy: 0.8528
2025-04-23 09:00:09.050 INFO utils - get_metrics: naive_bayes validation f1 score: 0.8321
2025-04-23 09:00:09.050 INFO utils - get_metrics: naive_bayes validation recall: 0.7369
2025-04-23 09:00:09.050 INFO utils - get_metrics: naive_bayes validation precision: 0.9554
2025-04-23 09:00:09.053 INFO utils - get_metrics: naive_bayes validation confusion matrix 
 [[37721  1315]
 [10054 28163]]
2025-04-23 09:00:10.578 INFO utils - get_metrics: naive_bayes test accuracy: 0.8543
2025-04-23 09:00:10.578 INFO utils - get_metrics: naive_bayes test f1 score: 0.8355
2025-04-23 09:00:10.578 INFO utils - get_metrics: naive_bayes test recall: 0.7397
2025-04-23 09:00:10.578 INFO utils - get_metrics: naive_bayes test precision: 0.9597
2025-04-23 09:00:10.581 INFO utils - get_metrics: naive_bayes test confusion matrix 
 [[6610  212]
 [1775 5045]]
2025-04-23 09:57:13.940 INFO Dataset - __init__: Creating Dataset object from <class 'pandas.core.frame.DataFrame'>
2025-04-23 09:57:13.960 INFO Dataset - drop_columns: Dropping columns ['Unnamed: 0', 'key', 'pat_age_yrs', 'sex'] from dataset
2025-04-23 09:57:14.083 INFO Dataset - rename_target: Renaming target column wbit_error to 'target'
2025-04-23 09:57:14.147 INFO Dataset - clean_missing: Cleaning missing data with threshold 0.15 and method delete
2025-04-23 09:57:14.937 INFO Dataset - clean_missing: Columns droped: ['mpv_delta', 'immature_granulocyte_automated_count_delta', 'absolute_immature_granulocyte_automated_count_delta', 'atypical_lymphocytes_manual_count_delta', 'bands_manual_count_delta', 'blasts_manual_count_delta', 'promyelocytes_manual_count_delta', 'myelocytes_manual_count_delta', 'metamyelocytes_manual_count_delta', 'other_cell_type_manual_count_delta', 'absolute_blasts_manual_count_delta', 'absolute_promyelocytes_manual_count_delta', 'absolute_myelocytes_manual_count_delta', 'absolute_metamyelocytes_manual_count_delta', 'absolute_other_cell_type_manual_count_delta', 'mpv_pct_delta', 'nrbc_per_100_wbcs_by_automated_count_pct_delta', 'immature_granulocyte_automated_count_pct_delta', 'eosinophils_count_pct_delta', 'basophils_count_pct_delta', 'absolute_immature_granulocyte_automated_count_pct_delta', 'absolute_eosinophils_count_pct_delta', 'absolute_basophils_count_pct_delta', 'atypical_lymphocytes_manual_count_pct_delta', 'bands_manual_count_pct_delta', 'blasts_manual_count_pct_delta', 'promyelocytes_manual_count_pct_delta', 'myelocytes_manual_count_pct_delta', 'metamyelocytes_manual_count_pct_delta', 'other_cell_type_manual_count_pct_delta', 'absolute_blasts_manual_count_pct_delta', 'absolute_promyelocytes_manual_count_pct_delta', 'absolute_myelocytes_manual_count_pct_delta', 'absolute_metamyelocytes_manual_count_pct_delta', 'absolute_other_cell_type_manual_count_pct_delta']
2025-04-23 09:57:14.937 INFO Dataset - standarize: Standarizing data with cols to ignore ['target']
2025-04-23 09:57:15.044 INFO Dataset - split_x_y: Splitting data into x and y
2025-04-23 09:57:15.065 INFO naive_bayes - execute_naive_bayes:    target  hrs_between_cbcs  wbc_delta  rbc_delta  hgb_delta  hct_delta  ...  neutrophils_count_pct_delta  lymphocytes_count_pct_delta  monocytes_count_pct_delta  absolute_neutrophils_count_pct_delta  absolute_lymphocytes_count_pct_delta  absolute_monocytes_count_pct_delta
0       1         -0.717214  -0.296199   0.652709   1.318984   1.550687  ...                    -0.080134                    -0.176260                  -0.262622                             -0.085394                             -0.200600                           -0.135778
2       0          0.855957   0.050094  -0.244131  -0.336978  -0.344973  ...                    -0.098100                    -0.099024                  -0.131293                             -0.077033                             -0.085940                           -0.086319
3       0          0.044041   0.817556   0.046394   0.021068  -0.161522  ...                    -0.075078                    -0.118787                  -0.177745                             -0.056106                             -0.025029                           -0.050665
4       0          1.438563   0.031376   0.551656   0.513381   0.449981  ...                    -0.147606                    -0.108794                  -0.121806                             -0.083027                             -0.103945                           -0.087332
5       1          1.911405   0.836274   1.435864   0.110579   0.449981  ...                    -0.304911                    -0.025670                  -0.498094                             -0.073072                              0.693496                           -0.149306

[5 rows x 39 columns]
2025-04-23 09:57:15.096 INFO naive_bayes - execute_naive_bayes: start gradient_boosting classifier training
2025-04-23 09:57:15.169 INFO utils - save_model: saving model to ./models/naive_bayes_classifier.pkl
2025-04-23 09:57:15.171 INFO utils - get_cross_val_predictions: Getting cross validation predictions for GaussianNB()
2025-04-23 09:57:15.711 INFO utils - get_cross_val_predictions: Trying to get cross validation probabilities for GaussianNB()
2025-04-23 09:57:16.332 INFO utils - get_predictions: Getting test predictions for GaussianNB()
2025-04-23 09:57:16.353 INFO utils - get_predictions: Trying to get test predictions for GaussianNB()
2025-04-23 09:57:16.377 INFO utils - save_prediction: saving model to ./predictions/naive_bayes_val_predictions.pkl
2025-04-23 09:57:16.378 INFO utils - save_prediction: saving model to ./predictions/naive_bayes_test_predictions.pkl
2025-04-23 09:57:16.380 INFO utils - save_prediction: saving model to ./predictions/naive_bayes_val_probabilities.pkl
2025-04-23 09:57:16.382 INFO utils - save_prediction: saving model to ./predictions/naive_bayes_test_probabilities.pkl
2025-04-23 09:57:16.407 INFO utils - get_metrics: naive_bayes validation accuracy: 0.8884
2025-04-23 09:57:16.408 INFO utils - get_metrics: naive_bayes validation f1 score: 0.8797
2025-04-23 09:57:16.408 INFO utils - get_metrics: naive_bayes validation recall: 0.8245
2025-04-23 09:57:16.408 INFO utils - get_metrics: naive_bayes validation precision: 0.9428
2025-04-23 09:57:16.411 INFO utils - get_metrics: naive_bayes validation confusion matrix 
 [[37125  1911]
 [ 6708 31509]]
2025-04-23 09:57:16.854 INFO utils - get_metrics: naive_bayes test accuracy: 0.8938
2025-04-23 09:57:16.854 INFO utils - get_metrics: naive_bayes test f1 score: 0.887
2025-04-23 09:57:16.854 INFO utils - get_metrics: naive_bayes test recall: 0.8339
2025-04-23 09:57:16.854 INFO utils - get_metrics: naive_bayes test precision: 0.9474
2025-04-23 09:57:16.856 INFO utils - get_metrics: naive_bayes test confusion matrix 
 [[6506  316]
 [1133 5687]]
2025-04-23 16:37:11.123 INFO ensemble - get_predictions_paths: ['./predictions\\ada_boost_val_predictions.pkl', './predictions\\gradient_boosting_val_predictions.pkl', './predictions\\kn_val_predictions.pkl', './predictions\\lr_val_predictions.pkl', './predictions\\majority_val_predictions.pkl', './predictions\\naive_bayes_val_predictions.pkl', './predictions\\svc_val_predictions.pkl']
2025-04-23 16:37:11.124 INFO ensemble - get_predictions_paths: ['./predictions\\ada_boost_test_predictions.pkl', './predictions\\gradient_boosting_test_predictions.pkl', './predictions\\kn_test_predictions.pkl', './predictions\\lr_test_predictions.pkl', './predictions\\majority_test_predictions.pkl', './predictions\\naive_bayes_test_predictions.pkl', './predictions\\nn_ensemble_test_predictions.pkl', './predictions\\svc_test_predictions.pkl']
2025-04-23 16:37:11.124 INFO ensemble - get_predictions_paths: ['./predictions\\ada_boost_val_probabilities.pkl', './predictions\\gradient_boosting_val_probabilities.pkl', './predictions\\kn_val_probabilities.pkl', './predictions\\lr_val_probabilities.pkl', './predictions\\naive_bayes_val_probabilities.pkl']
2025-04-23 16:37:11.124 INFO ensemble - get_predictions_paths: ['./predictions\\ada_boost_test_probabilities.pkl', './predictions\\gradient_boosting_test_probabilities.pkl', './predictions\\kn_test_probabilities.pkl', './predictions\\lr_test_probabilities.pkl', './predictions\\naive_bayes_test_probabilities.pkl']
2025-04-23 16:37:14.559 INFO Dataset - __init__: Creating Dataset object from <class 'pandas.core.frame.DataFrame'>
2025-04-23 16:37:14.621 INFO Dataset - drop_columns: Dropping columns ['Unnamed: 0', 'key', 'pat_age_yrs', 'sex'] from dataset
2025-04-23 16:37:14.923 INFO Dataset - rename_target: Renaming target column wbit_error to 'target'
2025-04-23 16:37:15.162 INFO Dataset - clean_missing: Cleaning missing data with threshold 0.15 and method delete
2025-04-23 16:37:17.397 INFO Dataset - clean_missing: Columns droped: ['mpv_delta', 'immature_granulocyte_automated_count_delta', 'absolute_immature_granulocyte_automated_count_delta', 'atypical_lymphocytes_manual_count_delta', 'bands_manual_count_delta', 'blasts_manual_count_delta', 'promyelocytes_manual_count_delta', 'myelocytes_manual_count_delta', 'metamyelocytes_manual_count_delta', 'other_cell_type_manual_count_delta', 'absolute_blasts_manual_count_delta', 'absolute_promyelocytes_manual_count_delta', 'absolute_myelocytes_manual_count_delta', 'absolute_metamyelocytes_manual_count_delta', 'absolute_other_cell_type_manual_count_delta', 'mpv_pct_delta', 'nrbc_per_100_wbcs_by_automated_count_pct_delta', 'immature_granulocyte_automated_count_pct_delta', 'eosinophils_count_pct_delta', 'basophils_count_pct_delta', 'absolute_immature_granulocyte_automated_count_pct_delta', 'absolute_eosinophils_count_pct_delta', 'absolute_basophils_count_pct_delta', 'atypical_lymphocytes_manual_count_pct_delta', 'bands_manual_count_pct_delta', 'blasts_manual_count_pct_delta', 'promyelocytes_manual_count_pct_delta', 'myelocytes_manual_count_pct_delta', 'metamyelocytes_manual_count_pct_delta', 'other_cell_type_manual_count_pct_delta', 'absolute_blasts_manual_count_pct_delta', 'absolute_promyelocytes_manual_count_pct_delta', 'absolute_myelocytes_manual_count_pct_delta', 'absolute_metamyelocytes_manual_count_pct_delta', 'absolute_other_cell_type_manual_count_pct_delta']
2025-04-23 16:37:17.398 INFO Dataset - standarize: Standarizing data with cols to ignore ['target']
2025-04-23 16:37:17.712 INFO Dataset - split_x_y: Splitting data into x and y
2025-04-23 16:37:17.752 INFO ensemble - load_data: saving model to ./predictions/val_labels.pkl
2025-04-23 16:37:17.756 INFO ensemble - load_data: saving model to ./predictions/test_labels.pkl
2025-04-23 16:41:00.641 INFO ensemble - get_predictions_paths: ['./predictions\\ada_boost_val_predictions.pkl', './predictions\\gradient_boosting_val_predictions.pkl', './predictions\\kn_val_predictions.pkl', './predictions\\lr_val_predictions.pkl', './predictions\\majority_val_predictions.pkl', './predictions\\naive_bayes_val_predictions.pkl', './predictions\\svc_val_predictions.pkl']
2025-04-23 16:41:00.641 INFO ensemble - get_predictions_paths: ['./predictions\\ada_boost_test_predictions.pkl', './predictions\\gradient_boosting_test_predictions.pkl', './predictions\\kn_test_predictions.pkl', './predictions\\lr_test_predictions.pkl', './predictions\\majority_test_predictions.pkl', './predictions\\naive_bayes_test_predictions.pkl', './predictions\\nn_ensemble_test_predictions.pkl', './predictions\\svc_test_predictions.pkl']
2025-04-23 16:41:00.642 INFO ensemble - get_predictions_paths: ['./predictions\\ada_boost_val_probabilities.pkl', './predictions\\gradient_boosting_val_probabilities.pkl', './predictions\\kn_val_probabilities.pkl', './predictions\\lr_val_probabilities.pkl', './predictions\\naive_bayes_val_probabilities.pkl']
2025-04-23 16:41:00.642 INFO ensemble - get_predictions_paths: ['./predictions\\ada_boost_test_probabilities.pkl', './predictions\\gradient_boosting_test_probabilities.pkl', './predictions\\kn_test_probabilities.pkl', './predictions\\lr_test_probabilities.pkl', './predictions\\naive_bayes_test_probabilities.pkl']
2025-04-23 16:41:02.582 INFO Dataset - __init__: Creating Dataset object from <class 'pandas.core.frame.DataFrame'>
2025-04-23 16:41:02.616 INFO Dataset - drop_columns: Dropping columns ['Unnamed: 0', 'key', 'pat_age_yrs', 'sex'] from dataset
2025-04-23 16:41:02.803 INFO Dataset - rename_target: Renaming target column wbit_error to 'target'
2025-04-23 16:41:02.917 INFO Dataset - clean_missing: Cleaning missing data with threshold 0.15 and method delete
2025-04-23 16:41:04.566 INFO Dataset - clean_missing: Columns droped: ['mpv_delta', 'immature_granulocyte_automated_count_delta', 'absolute_immature_granulocyte_automated_count_delta', 'atypical_lymphocytes_manual_count_delta', 'bands_manual_count_delta', 'blasts_manual_count_delta', 'promyelocytes_manual_count_delta', 'myelocytes_manual_count_delta', 'metamyelocytes_manual_count_delta', 'other_cell_type_manual_count_delta', 'absolute_blasts_manual_count_delta', 'absolute_promyelocytes_manual_count_delta', 'absolute_myelocytes_manual_count_delta', 'absolute_metamyelocytes_manual_count_delta', 'absolute_other_cell_type_manual_count_delta', 'mpv_pct_delta', 'nrbc_per_100_wbcs_by_automated_count_pct_delta', 'immature_granulocyte_automated_count_pct_delta', 'eosinophils_count_pct_delta', 'basophils_count_pct_delta', 'absolute_immature_granulocyte_automated_count_pct_delta', 'absolute_eosinophils_count_pct_delta', 'absolute_basophils_count_pct_delta', 'atypical_lymphocytes_manual_count_pct_delta', 'bands_manual_count_pct_delta', 'blasts_manual_count_pct_delta', 'promyelocytes_manual_count_pct_delta', 'myelocytes_manual_count_pct_delta', 'metamyelocytes_manual_count_pct_delta', 'other_cell_type_manual_count_pct_delta', 'absolute_blasts_manual_count_pct_delta', 'absolute_promyelocytes_manual_count_pct_delta', 'absolute_myelocytes_manual_count_pct_delta', 'absolute_metamyelocytes_manual_count_pct_delta', 'absolute_other_cell_type_manual_count_pct_delta']
2025-04-23 16:41:04.567 INFO Dataset - standarize: Standarizing data with cols to ignore ['target']
2025-04-23 16:41:04.796 INFO Dataset - split_x_y: Splitting data into x and y
2025-04-23 16:41:04.862 INFO ensemble - load_data: saving model to ./predictions/val_labels.pkl
2025-04-23 16:41:04.864 INFO ensemble - load_data: saving model to ./predictions/test_labels.pkl
2025-04-23 16:42:05.776 INFO ensemble - get_predictions_paths: ['./predictions\\ada_boost_val_predictions.pkl', './predictions\\gradient_boosting_val_predictions.pkl', './predictions\\kn_val_predictions.pkl', './predictions\\lr_val_predictions.pkl', './predictions\\naive_bayes_val_predictions.pkl', './predictions\\svc_val_predictions.pkl']
2025-04-23 16:42:05.777 INFO ensemble - get_predictions_paths: ['./predictions\\ada_boost_test_predictions.pkl', './predictions\\gradient_boosting_test_predictions.pkl', './predictions\\kn_test_predictions.pkl', './predictions\\lr_test_predictions.pkl', './predictions\\naive_bayes_test_predictions.pkl', './predictions\\nn_ensemble_test_predictions.pkl', './predictions\\svc_test_predictions.pkl']
2025-04-23 16:42:05.777 INFO ensemble - get_predictions_paths: ['./predictions\\ada_boost_val_probabilities.pkl', './predictions\\gradient_boosting_val_probabilities.pkl', './predictions\\kn_val_probabilities.pkl', './predictions\\lr_val_probabilities.pkl', './predictions\\naive_bayes_val_probabilities.pkl']
2025-04-23 16:42:05.777 INFO ensemble - get_predictions_paths: ['./predictions\\ada_boost_test_probabilities.pkl', './predictions\\gradient_boosting_test_probabilities.pkl', './predictions\\kn_test_probabilities.pkl', './predictions\\lr_test_probabilities.pkl', './predictions\\naive_bayes_test_probabilities.pkl']
2025-04-23 16:42:07.937 INFO Dataset - __init__: Creating Dataset object from <class 'pandas.core.frame.DataFrame'>
2025-04-23 16:42:07.987 INFO Dataset - drop_columns: Dropping columns ['Unnamed: 0', 'key', 'pat_age_yrs', 'sex'] from dataset
2025-04-23 16:42:08.206 INFO Dataset - rename_target: Renaming target column wbit_error to 'target'
2025-04-23 16:42:08.347 INFO Dataset - clean_missing: Cleaning missing data with threshold 0.15 and method delete
2025-04-23 16:42:10.079 INFO Dataset - clean_missing: Columns droped: ['mpv_delta', 'immature_granulocyte_automated_count_delta', 'absolute_immature_granulocyte_automated_count_delta', 'atypical_lymphocytes_manual_count_delta', 'bands_manual_count_delta', 'blasts_manual_count_delta', 'promyelocytes_manual_count_delta', 'myelocytes_manual_count_delta', 'metamyelocytes_manual_count_delta', 'other_cell_type_manual_count_delta', 'absolute_blasts_manual_count_delta', 'absolute_promyelocytes_manual_count_delta', 'absolute_myelocytes_manual_count_delta', 'absolute_metamyelocytes_manual_count_delta', 'absolute_other_cell_type_manual_count_delta', 'mpv_pct_delta', 'nrbc_per_100_wbcs_by_automated_count_pct_delta', 'immature_granulocyte_automated_count_pct_delta', 'eosinophils_count_pct_delta', 'basophils_count_pct_delta', 'absolute_immature_granulocyte_automated_count_pct_delta', 'absolute_eosinophils_count_pct_delta', 'absolute_basophils_count_pct_delta', 'atypical_lymphocytes_manual_count_pct_delta', 'bands_manual_count_pct_delta', 'blasts_manual_count_pct_delta', 'promyelocytes_manual_count_pct_delta', 'myelocytes_manual_count_pct_delta', 'metamyelocytes_manual_count_pct_delta', 'other_cell_type_manual_count_pct_delta', 'absolute_blasts_manual_count_pct_delta', 'absolute_promyelocytes_manual_count_pct_delta', 'absolute_myelocytes_manual_count_pct_delta', 'absolute_metamyelocytes_manual_count_pct_delta', 'absolute_other_cell_type_manual_count_pct_delta']
2025-04-23 16:42:10.080 INFO Dataset - standarize: Standarizing data with cols to ignore ['target']
2025-04-23 16:42:10.298 INFO Dataset - split_x_y: Splitting data into x and y
2025-04-23 16:42:10.347 INFO ensemble - load_data: saving model to ./predictions/val_labels.pkl
2025-04-23 16:42:10.348 INFO ensemble - load_data: saving model to ./predictions/test_labels.pkl
2025-04-23 16:43:05.846 INFO ensemble - get_predictions_paths: ['./predictions\\ada_boost_val_predictions.pkl', './predictions\\gradient_boosting_val_predictions.pkl', './predictions\\kn_val_predictions.pkl', './predictions\\lr_val_predictions.pkl', './predictions\\naive_bayes_val_predictions.pkl', './predictions\\svc_val_predictions.pkl']
2025-04-23 16:43:05.848 INFO ensemble - get_predictions_paths: ['./predictions\\ada_boost_test_predictions.pkl', './predictions\\gradient_boosting_test_predictions.pkl', './predictions\\kn_test_predictions.pkl', './predictions\\lr_test_predictions.pkl', './predictions\\naive_bayes_test_predictions.pkl', './predictions\\svc_test_predictions.pkl']
2025-04-23 16:43:05.849 INFO ensemble - get_predictions_paths: ['./predictions\\ada_boost_val_probabilities.pkl', './predictions\\gradient_boosting_val_probabilities.pkl', './predictions\\kn_val_probabilities.pkl', './predictions\\lr_val_probabilities.pkl', './predictions\\naive_bayes_val_probabilities.pkl']
2025-04-23 16:43:05.849 INFO ensemble - get_predictions_paths: ['./predictions\\ada_boost_test_probabilities.pkl', './predictions\\gradient_boosting_test_probabilities.pkl', './predictions\\kn_test_probabilities.pkl', './predictions\\lr_test_probabilities.pkl', './predictions\\naive_bayes_test_probabilities.pkl']
2025-04-23 16:43:09.634 INFO Dataset - __init__: Creating Dataset object from <class 'pandas.core.frame.DataFrame'>
2025-04-23 16:43:09.675 INFO Dataset - drop_columns: Dropping columns ['Unnamed: 0', 'key', 'pat_age_yrs', 'sex'] from dataset
2025-04-23 16:43:09.898 INFO Dataset - rename_target: Renaming target column wbit_error to 'target'
2025-04-23 16:43:10.027 INFO Dataset - clean_missing: Cleaning missing data with threshold 0.15 and method delete
2025-04-23 16:43:11.438 INFO Dataset - clean_missing: Columns droped: ['mpv_delta', 'immature_granulocyte_automated_count_delta', 'absolute_immature_granulocyte_automated_count_delta', 'atypical_lymphocytes_manual_count_delta', 'bands_manual_count_delta', 'blasts_manual_count_delta', 'promyelocytes_manual_count_delta', 'myelocytes_manual_count_delta', 'metamyelocytes_manual_count_delta', 'other_cell_type_manual_count_delta', 'absolute_blasts_manual_count_delta', 'absolute_promyelocytes_manual_count_delta', 'absolute_myelocytes_manual_count_delta', 'absolute_metamyelocytes_manual_count_delta', 'absolute_other_cell_type_manual_count_delta', 'mpv_pct_delta', 'nrbc_per_100_wbcs_by_automated_count_pct_delta', 'immature_granulocyte_automated_count_pct_delta', 'eosinophils_count_pct_delta', 'basophils_count_pct_delta', 'absolute_immature_granulocyte_automated_count_pct_delta', 'absolute_eosinophils_count_pct_delta', 'absolute_basophils_count_pct_delta', 'atypical_lymphocytes_manual_count_pct_delta', 'bands_manual_count_pct_delta', 'blasts_manual_count_pct_delta', 'promyelocytes_manual_count_pct_delta', 'myelocytes_manual_count_pct_delta', 'metamyelocytes_manual_count_pct_delta', 'other_cell_type_manual_count_pct_delta', 'absolute_blasts_manual_count_pct_delta', 'absolute_promyelocytes_manual_count_pct_delta', 'absolute_myelocytes_manual_count_pct_delta', 'absolute_metamyelocytes_manual_count_pct_delta', 'absolute_other_cell_type_manual_count_pct_delta']
2025-04-23 16:43:11.439 INFO Dataset - standarize: Standarizing data with cols to ignore ['target']
2025-04-23 16:43:11.777 INFO Dataset - split_x_y: Splitting data into x and y
2025-04-23 16:43:11.825 INFO ensemble - load_data: saving model to ./predictions/val_labels.pkl
2025-04-23 16:43:11.827 INFO ensemble - load_data: saving model to ./predictions/test_labels.pkl
2025-04-23 17:27:49.770 INFO ensemble - get_predictions_paths: ['./predictions\\ada_boost_val_predictions.pkl', './predictions\\gradient_boosting_val_predictions.pkl', './predictions\\kn_val_predictions.pkl', './predictions\\lr_val_predictions.pkl', './predictions\\naive_bayes_val_predictions.pkl', './predictions\\svc_val_predictions.pkl']
2025-04-23 17:27:49.771 INFO ensemble - get_predictions_paths: ['./predictions\\ada_boost_test_predictions.pkl', './predictions\\gradient_boosting_test_predictions.pkl', './predictions\\kn_test_predictions.pkl', './predictions\\lr_test_predictions.pkl', './predictions\\naive_bayes_test_predictions.pkl', './predictions\\nn_test_predictions.pkl', './predictions\\svc_test_predictions.pkl']
2025-04-23 17:27:49.771 INFO ensemble - get_predictions_paths: ['./predictions\\ada_boost_val_probabilities.pkl', './predictions\\gradient_boosting_val_probabilities.pkl', './predictions\\kn_val_probabilities.pkl', './predictions\\lr_val_probabilities.pkl', './predictions\\naive_bayes_val_probabilities.pkl']
2025-04-23 17:27:49.771 INFO ensemble - get_predictions_paths: ['./predictions\\ada_boost_test_probabilities.pkl', './predictions\\gradient_boosting_test_probabilities.pkl', './predictions\\kn_test_probabilities.pkl', './predictions\\lr_test_probabilities.pkl', './predictions\\naive_bayes_test_probabilities.pkl', './predictions\\nn_test_probabilities.pkl']
2025-04-23 17:27:50.776 INFO Dataset - __init__: Creating Dataset object from <class 'pandas.core.frame.DataFrame'>
2025-04-23 17:27:50.812 INFO Dataset - drop_columns: Dropping columns ['Unnamed: 0', 'key', 'pat_age_yrs', 'sex'] from dataset
2025-04-23 17:27:51.014 INFO Dataset - rename_target: Renaming target column wbit_error to 'target'
2025-04-23 17:27:51.123 INFO Dataset - clean_missing: Cleaning missing data with threshold 0.15 and method delete
2025-04-23 17:27:52.407 INFO Dataset - clean_missing: Columns droped: ['mpv_delta', 'immature_granulocyte_automated_count_delta', 'absolute_immature_granulocyte_automated_count_delta', 'atypical_lymphocytes_manual_count_delta', 'bands_manual_count_delta', 'blasts_manual_count_delta', 'promyelocytes_manual_count_delta', 'myelocytes_manual_count_delta', 'metamyelocytes_manual_count_delta', 'other_cell_type_manual_count_delta', 'absolute_blasts_manual_count_delta', 'absolute_promyelocytes_manual_count_delta', 'absolute_myelocytes_manual_count_delta', 'absolute_metamyelocytes_manual_count_delta', 'absolute_other_cell_type_manual_count_delta', 'mpv_pct_delta', 'nrbc_per_100_wbcs_by_automated_count_pct_delta', 'immature_granulocyte_automated_count_pct_delta', 'eosinophils_count_pct_delta', 'basophils_count_pct_delta', 'absolute_immature_granulocyte_automated_count_pct_delta', 'absolute_eosinophils_count_pct_delta', 'absolute_basophils_count_pct_delta', 'atypical_lymphocytes_manual_count_pct_delta', 'bands_manual_count_pct_delta', 'blasts_manual_count_pct_delta', 'promyelocytes_manual_count_pct_delta', 'myelocytes_manual_count_pct_delta', 'metamyelocytes_manual_count_pct_delta', 'other_cell_type_manual_count_pct_delta', 'absolute_blasts_manual_count_pct_delta', 'absolute_promyelocytes_manual_count_pct_delta', 'absolute_myelocytes_manual_count_pct_delta', 'absolute_metamyelocytes_manual_count_pct_delta', 'absolute_other_cell_type_manual_count_pct_delta']
2025-04-23 17:27:52.407 INFO Dataset - standarize: Standarizing data with cols to ignore ['target']
2025-04-23 17:27:52.511 INFO Dataset - split_x_y: Splitting data into x and y
2025-04-23 17:27:52.556 INFO ensemble - load_data: saving model to ./predictions/val_labels.pkl
2025-04-23 17:27:52.560 INFO ensemble - load_data: saving model to ./predictions/test_labels.pkl
2025-04-23 17:33:23.724 INFO ensemble - get_predictions_paths: ['./predictions\\ada_boost_val_predictions.pkl', './predictions\\gradient_boosting_val_predictions.pkl', './predictions\\kn_val_predictions.pkl', './predictions\\lr_val_predictions.pkl', './predictions\\naive_bayes_val_predictions.pkl', './predictions\\svc_val_predictions.pkl']
2025-04-23 17:33:23.724 INFO ensemble - get_predictions_paths: ['./predictions\\ada_boost_test_predictions.pkl', './predictions\\gradient_boosting_test_predictions.pkl', './predictions\\kn_test_predictions.pkl', './predictions\\lr_test_predictions.pkl', './predictions\\naive_bayes_test_predictions.pkl', './predictions\\nn_test_predictions.pkl', './predictions\\svc_test_predictions.pkl']
2025-04-23 17:33:23.724 INFO ensemble - get_predictions_paths: ['./predictions\\ada_boost_val_probabilities.pkl', './predictions\\gradient_boosting_val_probabilities.pkl', './predictions\\kn_val_probabilities.pkl', './predictions\\lr_val_probabilities.pkl', './predictions\\naive_bayes_val_probabilities.pkl']
2025-04-23 17:33:23.724 INFO ensemble - get_predictions_paths: ['./predictions\\ada_boost_test_probabilities.pkl', './predictions\\gradient_boosting_test_probabilities.pkl', './predictions\\kn_test_probabilities.pkl', './predictions\\lr_test_probabilities.pkl', './predictions\\naive_bayes_test_probabilities.pkl', './predictions\\nn_test_probabilities.pkl']
2025-04-23 17:33:24.697 INFO Dataset - __init__: Creating Dataset object from <class 'pandas.core.frame.DataFrame'>
2025-04-23 17:33:24.718 INFO Dataset - drop_columns: Dropping columns ['Unnamed: 0', 'key', 'pat_age_yrs', 'sex'] from dataset
2025-04-23 17:33:24.831 INFO Dataset - rename_target: Renaming target column wbit_error to 'target'
2025-04-23 17:33:24.910 INFO Dataset - clean_missing: Cleaning missing data with threshold 0.15 and method delete
2025-04-23 17:33:25.718 INFO Dataset - clean_missing: Columns droped: ['mpv_delta', 'immature_granulocyte_automated_count_delta', 'absolute_immature_granulocyte_automated_count_delta', 'atypical_lymphocytes_manual_count_delta', 'bands_manual_count_delta', 'blasts_manual_count_delta', 'promyelocytes_manual_count_delta', 'myelocytes_manual_count_delta', 'metamyelocytes_manual_count_delta', 'other_cell_type_manual_count_delta', 'absolute_blasts_manual_count_delta', 'absolute_promyelocytes_manual_count_delta', 'absolute_myelocytes_manual_count_delta', 'absolute_metamyelocytes_manual_count_delta', 'absolute_other_cell_type_manual_count_delta', 'mpv_pct_delta', 'nrbc_per_100_wbcs_by_automated_count_pct_delta', 'immature_granulocyte_automated_count_pct_delta', 'eosinophils_count_pct_delta', 'basophils_count_pct_delta', 'absolute_immature_granulocyte_automated_count_pct_delta', 'absolute_eosinophils_count_pct_delta', 'absolute_basophils_count_pct_delta', 'atypical_lymphocytes_manual_count_pct_delta', 'bands_manual_count_pct_delta', 'blasts_manual_count_pct_delta', 'promyelocytes_manual_count_pct_delta', 'myelocytes_manual_count_pct_delta', 'metamyelocytes_manual_count_pct_delta', 'other_cell_type_manual_count_pct_delta', 'absolute_blasts_manual_count_pct_delta', 'absolute_promyelocytes_manual_count_pct_delta', 'absolute_myelocytes_manual_count_pct_delta', 'absolute_metamyelocytes_manual_count_pct_delta', 'absolute_other_cell_type_manual_count_pct_delta']
2025-04-23 17:33:25.718 INFO Dataset - standarize: Standarizing data with cols to ignore ['target']
2025-04-23 17:33:25.810 INFO Dataset - split_x_y: Splitting data into x and y
2025-04-23 17:33:25.832 INFO ensemble - load_data: saving model to ./predictions/val_labels.pkl
2025-04-23 17:33:25.834 INFO ensemble - load_data: saving model to ./predictions/test_labels.pkl
2025-04-23 17:34:01.107 INFO ensemble - get_predictions_paths: ['./predictions\\ada_boost_val_predictions.pkl', './predictions\\gradient_boosting_val_predictions.pkl', './predictions\\kn_val_predictions.pkl', './predictions\\lr_val_predictions.pkl', './predictions\\naive_bayes_val_predictions.pkl', './predictions\\svc_val_predictions.pkl']
2025-04-23 17:34:01.108 INFO ensemble - get_predictions_paths: ['./predictions\\ada_boost_test_predictions.pkl', './predictions\\gradient_boosting_test_predictions.pkl', './predictions\\kn_test_predictions.pkl', './predictions\\lr_test_predictions.pkl', './predictions\\naive_bayes_test_predictions.pkl', './predictions\\nn_test_predictions.pkl', './predictions\\svc_test_predictions.pkl']
2025-04-23 17:34:01.108 INFO ensemble - get_predictions_paths: ['./predictions\\ada_boost_val_probabilities.pkl', './predictions\\gradient_boosting_val_probabilities.pkl', './predictions\\kn_val_probabilities.pkl', './predictions\\lr_val_probabilities.pkl', './predictions\\naive_bayes_val_probabilities.pkl']
2025-04-23 17:34:01.108 INFO ensemble - get_predictions_paths: ['./predictions\\ada_boost_test_probabilities.pkl', './predictions\\gradient_boosting_test_probabilities.pkl', './predictions\\kn_test_probabilities.pkl', './predictions\\lr_test_probabilities.pkl', './predictions\\naive_bayes_test_probabilities.pkl', './predictions\\nn_test_probabilities.pkl']
2025-04-23 17:34:02.675 INFO Dataset - __init__: Creating Dataset object from <class 'pandas.core.frame.DataFrame'>
2025-04-23 17:34:02.731 INFO Dataset - drop_columns: Dropping columns ['Unnamed: 0', 'key', 'pat_age_yrs', 'sex'] from dataset
2025-04-23 17:34:02.958 INFO Dataset - rename_target: Renaming target column wbit_error to 'target'
2025-04-23 17:34:03.093 INFO Dataset - clean_missing: Cleaning missing data with threshold 0.15 and method delete
2025-04-23 17:34:04.625 INFO Dataset - clean_missing: Columns droped: ['mpv_delta', 'immature_granulocyte_automated_count_delta', 'absolute_immature_granulocyte_automated_count_delta', 'atypical_lymphocytes_manual_count_delta', 'bands_manual_count_delta', 'blasts_manual_count_delta', 'promyelocytes_manual_count_delta', 'myelocytes_manual_count_delta', 'metamyelocytes_manual_count_delta', 'other_cell_type_manual_count_delta', 'absolute_blasts_manual_count_delta', 'absolute_promyelocytes_manual_count_delta', 'absolute_myelocytes_manual_count_delta', 'absolute_metamyelocytes_manual_count_delta', 'absolute_other_cell_type_manual_count_delta', 'mpv_pct_delta', 'nrbc_per_100_wbcs_by_automated_count_pct_delta', 'immature_granulocyte_automated_count_pct_delta', 'eosinophils_count_pct_delta', 'basophils_count_pct_delta', 'absolute_immature_granulocyte_automated_count_pct_delta', 'absolute_eosinophils_count_pct_delta', 'absolute_basophils_count_pct_delta', 'atypical_lymphocytes_manual_count_pct_delta', 'bands_manual_count_pct_delta', 'blasts_manual_count_pct_delta', 'promyelocytes_manual_count_pct_delta', 'myelocytes_manual_count_pct_delta', 'metamyelocytes_manual_count_pct_delta', 'other_cell_type_manual_count_pct_delta', 'absolute_blasts_manual_count_pct_delta', 'absolute_promyelocytes_manual_count_pct_delta', 'absolute_myelocytes_manual_count_pct_delta', 'absolute_metamyelocytes_manual_count_pct_delta', 'absolute_other_cell_type_manual_count_pct_delta']
2025-04-23 17:34:04.625 INFO Dataset - standarize: Standarizing data with cols to ignore ['target']
2025-04-23 17:34:04.819 INFO Dataset - split_x_y: Splitting data into x and y
2025-04-23 17:34:04.865 INFO ensemble - load_data: saving model to ./predictions/val_labels.pkl
2025-04-23 17:34:04.867 INFO ensemble - load_data: saving model to ./predictions/test_labels.pkl
2025-04-23 17:34:51.446 INFO ensemble - get_predictions_paths: ['./predictions\\ada_boost_val_predictions.pkl', './predictions\\gradient_boosting_val_predictions.pkl', './predictions\\kn_val_predictions.pkl', './predictions\\lr_val_predictions.pkl', './predictions\\naive_bayes_val_predictions.pkl', './predictions\\svc_val_predictions.pkl']
2025-04-23 17:34:51.446 INFO ensemble - get_predictions_paths: ['./predictions\\ada_boost_test_predictions.pkl', './predictions\\gradient_boosting_test_predictions.pkl', './predictions\\kn_test_predictions.pkl', './predictions\\lr_test_predictions.pkl', './predictions\\naive_bayes_test_predictions.pkl', './predictions\\nn_test_predictions.pkl', './predictions\\svc_test_predictions.pkl']
2025-04-23 17:34:51.447 INFO ensemble - get_predictions_paths: ['./predictions\\ada_boost_val_probabilities.pkl', './predictions\\gradient_boosting_val_probabilities.pkl', './predictions\\kn_val_probabilities.pkl', './predictions\\lr_val_probabilities.pkl', './predictions\\naive_bayes_val_probabilities.pkl']
2025-04-23 17:34:51.447 INFO ensemble - get_predictions_paths: ['./predictions\\ada_boost_test_probabilities.pkl', './predictions\\gradient_boosting_test_probabilities.pkl', './predictions\\kn_test_probabilities.pkl', './predictions\\lr_test_probabilities.pkl', './predictions\\naive_bayes_test_probabilities.pkl', './predictions\\nn_test_probabilities.pkl']
2025-04-23 17:34:52.434 INFO Dataset - __init__: Creating Dataset object from <class 'pandas.core.frame.DataFrame'>
2025-04-23 17:34:52.454 INFO Dataset - drop_columns: Dropping columns ['Unnamed: 0', 'key', 'pat_age_yrs', 'sex'] from dataset
2025-04-23 17:34:52.658 INFO Dataset - rename_target: Renaming target column wbit_error to 'target'
2025-04-23 17:34:52.727 INFO Dataset - clean_missing: Cleaning missing data with threshold 0.15 and method delete
2025-04-23 17:34:53.665 INFO Dataset - clean_missing: Columns droped: ['mpv_delta', 'immature_granulocyte_automated_count_delta', 'absolute_immature_granulocyte_automated_count_delta', 'atypical_lymphocytes_manual_count_delta', 'bands_manual_count_delta', 'blasts_manual_count_delta', 'promyelocytes_manual_count_delta', 'myelocytes_manual_count_delta', 'metamyelocytes_manual_count_delta', 'other_cell_type_manual_count_delta', 'absolute_blasts_manual_count_delta', 'absolute_promyelocytes_manual_count_delta', 'absolute_myelocytes_manual_count_delta', 'absolute_metamyelocytes_manual_count_delta', 'absolute_other_cell_type_manual_count_delta', 'mpv_pct_delta', 'nrbc_per_100_wbcs_by_automated_count_pct_delta', 'immature_granulocyte_automated_count_pct_delta', 'eosinophils_count_pct_delta', 'basophils_count_pct_delta', 'absolute_immature_granulocyte_automated_count_pct_delta', 'absolute_eosinophils_count_pct_delta', 'absolute_basophils_count_pct_delta', 'atypical_lymphocytes_manual_count_pct_delta', 'bands_manual_count_pct_delta', 'blasts_manual_count_pct_delta', 'promyelocytes_manual_count_pct_delta', 'myelocytes_manual_count_pct_delta', 'metamyelocytes_manual_count_pct_delta', 'other_cell_type_manual_count_pct_delta', 'absolute_blasts_manual_count_pct_delta', 'absolute_promyelocytes_manual_count_pct_delta', 'absolute_myelocytes_manual_count_pct_delta', 'absolute_metamyelocytes_manual_count_pct_delta', 'absolute_other_cell_type_manual_count_pct_delta']
2025-04-23 17:34:53.665 INFO Dataset - standarize: Standarizing data with cols to ignore ['target']
2025-04-23 17:34:53.776 INFO Dataset - split_x_y: Splitting data into x and y
2025-04-23 17:34:53.799 INFO ensemble - load_data: saving model to ./predictions/val_labels.pkl
2025-04-23 17:34:53.801 INFO ensemble - load_data: saving model to ./predictions/test_labels.pkl
2025-04-23 17:44:36.836 INFO ensemble - get_predictions_paths: ['./predictions/individual_predictions\\ada_boost_val_predictions.pkl', './predictions/individual_predictions\\gradient_boosting_val_predictions.pkl', './predictions/individual_predictions\\kn_val_predictions.pkl', './predictions/individual_predictions\\lr_val_predictions.pkl', './predictions/individual_predictions\\naive_bayes_val_predictions.pkl', './predictions/individual_predictions\\svc_val_predictions.pkl']
2025-04-23 17:44:36.837 INFO ensemble - get_predictions_paths: ['./predictions/individual_predictions\\ada_boost_test_predictions.pkl', './predictions/individual_predictions\\gradient_boosting_test_predictions.pkl', './predictions/individual_predictions\\kn_test_predictions.pkl', './predictions/individual_predictions\\lr_test_predictions.pkl', './predictions/individual_predictions\\naive_bayes_test_predictions.pkl', './predictions/individual_predictions\\nn_test_predictions.pkl', './predictions/individual_predictions\\svc_test_predictions.pkl']
2025-04-23 17:44:36.837 INFO ensemble - get_predictions_paths: []
2025-04-23 17:44:36.837 INFO ensemble - get_predictions_paths: []
2025-04-23 17:44:40.321 INFO Dataset - __init__: Creating Dataset object from <class 'pandas.core.frame.DataFrame'>
2025-04-23 17:44:40.372 INFO Dataset - drop_columns: Dropping columns ['Unnamed: 0', 'key', 'pat_age_yrs', 'sex'] from dataset
2025-04-23 17:44:40.742 INFO Dataset - rename_target: Renaming target column wbit_error to 'target'
2025-04-23 17:44:40.930 INFO Dataset - clean_missing: Cleaning missing data with threshold 0.15 and method delete
2025-04-23 17:44:42.587 INFO Dataset - clean_missing: Columns droped: ['mpv_delta', 'immature_granulocyte_automated_count_delta', 'absolute_immature_granulocyte_automated_count_delta', 'atypical_lymphocytes_manual_count_delta', 'bands_manual_count_delta', 'blasts_manual_count_delta', 'promyelocytes_manual_count_delta', 'myelocytes_manual_count_delta', 'metamyelocytes_manual_count_delta', 'other_cell_type_manual_count_delta', 'absolute_blasts_manual_count_delta', 'absolute_promyelocytes_manual_count_delta', 'absolute_myelocytes_manual_count_delta', 'absolute_metamyelocytes_manual_count_delta', 'absolute_other_cell_type_manual_count_delta', 'mpv_pct_delta', 'nrbc_per_100_wbcs_by_automated_count_pct_delta', 'immature_granulocyte_automated_count_pct_delta', 'eosinophils_count_pct_delta', 'basophils_count_pct_delta', 'absolute_immature_granulocyte_automated_count_pct_delta', 'absolute_eosinophils_count_pct_delta', 'absolute_basophils_count_pct_delta', 'atypical_lymphocytes_manual_count_pct_delta', 'bands_manual_count_pct_delta', 'blasts_manual_count_pct_delta', 'promyelocytes_manual_count_pct_delta', 'myelocytes_manual_count_pct_delta', 'metamyelocytes_manual_count_pct_delta', 'other_cell_type_manual_count_pct_delta', 'absolute_blasts_manual_count_pct_delta', 'absolute_promyelocytes_manual_count_pct_delta', 'absolute_myelocytes_manual_count_pct_delta', 'absolute_metamyelocytes_manual_count_pct_delta', 'absolute_other_cell_type_manual_count_pct_delta']
2025-04-23 17:44:42.588 INFO Dataset - standarize: Standarizing data with cols to ignore ['target']
2025-04-23 17:44:42.790 INFO Dataset - split_x_y: Splitting data into x and y
2025-04-23 17:44:42.825 INFO ensemble - load_data: saving model to ./predictions/val_labels.pkl
2025-04-23 17:44:42.827 INFO ensemble - load_data: saving model to ./predictions/test_labels.pkl
2025-04-23 17:47:13.098 INFO ensemble - get_predictions_paths: ['./predictions/individual_predictions\\ada_boost_val_predictions.pkl', './predictions/individual_predictions\\gradient_boosting_val_predictions.pkl', './predictions/individual_predictions\\kn_val_predictions.pkl', './predictions/individual_predictions\\lr_val_predictions.pkl', './predictions/individual_predictions\\naive_bayes_val_predictions.pkl', './predictions/individual_predictions\\svc_val_predictions.pkl']
2025-04-23 17:47:13.099 INFO ensemble - get_predictions_paths: ['./predictions/individual_predictions\\ada_boost_test_predictions.pkl', './predictions/individual_predictions\\gradient_boosting_test_predictions.pkl', './predictions/individual_predictions\\kn_test_predictions.pkl', './predictions/individual_predictions\\lr_test_predictions.pkl', './predictions/individual_predictions\\naive_bayes_test_predictions.pkl', './predictions/individual_predictions\\nn_test_predictions.pkl', './predictions/individual_predictions\\svc_test_predictions.pkl']
2025-04-23 17:47:13.099 INFO ensemble - get_predictions_paths: []
2025-04-23 17:47:13.099 INFO ensemble - get_predictions_paths: []
2025-04-23 17:47:13.978 INFO Dataset - __init__: Creating Dataset object from <class 'pandas.core.frame.DataFrame'>
2025-04-23 17:47:13.998 INFO Dataset - drop_columns: Dropping columns ['Unnamed: 0', 'key', 'pat_age_yrs', 'sex'] from dataset
2025-04-23 17:47:14.118 INFO Dataset - rename_target: Renaming target column wbit_error to 'target'
2025-04-23 17:47:14.204 INFO Dataset - clean_missing: Cleaning missing data with threshold 0.15 and method delete
2025-04-23 17:47:15.068 INFO Dataset - clean_missing: Columns droped: ['mpv_delta', 'immature_granulocyte_automated_count_delta', 'absolute_immature_granulocyte_automated_count_delta', 'atypical_lymphocytes_manual_count_delta', 'bands_manual_count_delta', 'blasts_manual_count_delta', 'promyelocytes_manual_count_delta', 'myelocytes_manual_count_delta', 'metamyelocytes_manual_count_delta', 'other_cell_type_manual_count_delta', 'absolute_blasts_manual_count_delta', 'absolute_promyelocytes_manual_count_delta', 'absolute_myelocytes_manual_count_delta', 'absolute_metamyelocytes_manual_count_delta', 'absolute_other_cell_type_manual_count_delta', 'mpv_pct_delta', 'nrbc_per_100_wbcs_by_automated_count_pct_delta', 'immature_granulocyte_automated_count_pct_delta', 'eosinophils_count_pct_delta', 'basophils_count_pct_delta', 'absolute_immature_granulocyte_automated_count_pct_delta', 'absolute_eosinophils_count_pct_delta', 'absolute_basophils_count_pct_delta', 'atypical_lymphocytes_manual_count_pct_delta', 'bands_manual_count_pct_delta', 'blasts_manual_count_pct_delta', 'promyelocytes_manual_count_pct_delta', 'myelocytes_manual_count_pct_delta', 'metamyelocytes_manual_count_pct_delta', 'other_cell_type_manual_count_pct_delta', 'absolute_blasts_manual_count_pct_delta', 'absolute_promyelocytes_manual_count_pct_delta', 'absolute_myelocytes_manual_count_pct_delta', 'absolute_metamyelocytes_manual_count_pct_delta', 'absolute_other_cell_type_manual_count_pct_delta']
2025-04-23 17:47:15.068 INFO Dataset - standarize: Standarizing data with cols to ignore ['target']
2025-04-23 17:47:15.170 INFO Dataset - split_x_y: Splitting data into x and y
2025-04-23 17:47:15.193 INFO ensemble - load_data: saving model to ./predictions/val_labels.pkl
2025-04-23 17:47:15.194 INFO ensemble - load_data: saving model to ./predictions/test_labels.pkl
2025-04-23 17:48:48.058 INFO ensemble - get_predictions_paths: ['./predictions/individual_predictions\\ada_boost_val_predictions.pkl', './predictions/individual_predictions\\gradient_boosting_val_predictions.pkl', './predictions/individual_predictions\\kn_val_predictions.pkl', './predictions/individual_predictions\\lr_val_predictions.pkl', './predictions/individual_predictions\\svc_val_predictions.pkl']
2025-04-23 17:48:48.058 INFO ensemble - get_predictions_paths: ['./predictions/individual_predictions\\ada_boost_test_predictions.pkl', './predictions/individual_predictions\\gradient_boosting_test_predictions.pkl', './predictions/individual_predictions\\kn_test_predictions.pkl', './predictions/individual_predictions\\lr_test_predictions.pkl', './predictions/individual_predictions\\nn_test_predictions.pkl', './predictions/individual_predictions\\svc_test_predictions.pkl']
2025-04-23 17:48:48.058 INFO ensemble - get_predictions_paths: []
2025-04-23 17:48:48.058 INFO ensemble - get_predictions_paths: []
2025-04-23 17:48:48.969 INFO Dataset - __init__: Creating Dataset object from <class 'pandas.core.frame.DataFrame'>
2025-04-23 17:48:48.992 INFO Dataset - drop_columns: Dropping columns ['Unnamed: 0', 'key', 'pat_age_yrs', 'sex'] from dataset
2025-04-23 17:48:49.114 INFO Dataset - rename_target: Renaming target column wbit_error to 'target'
2025-04-23 17:48:49.184 INFO Dataset - clean_missing: Cleaning missing data with threshold 0.15 and method delete
2025-04-23 17:48:49.972 INFO Dataset - clean_missing: Columns droped: ['mpv_delta', 'immature_granulocyte_automated_count_delta', 'absolute_immature_granulocyte_automated_count_delta', 'atypical_lymphocytes_manual_count_delta', 'bands_manual_count_delta', 'blasts_manual_count_delta', 'promyelocytes_manual_count_delta', 'myelocytes_manual_count_delta', 'metamyelocytes_manual_count_delta', 'other_cell_type_manual_count_delta', 'absolute_blasts_manual_count_delta', 'absolute_promyelocytes_manual_count_delta', 'absolute_myelocytes_manual_count_delta', 'absolute_metamyelocytes_manual_count_delta', 'absolute_other_cell_type_manual_count_delta', 'mpv_pct_delta', 'nrbc_per_100_wbcs_by_automated_count_pct_delta', 'immature_granulocyte_automated_count_pct_delta', 'eosinophils_count_pct_delta', 'basophils_count_pct_delta', 'absolute_immature_granulocyte_automated_count_pct_delta', 'absolute_eosinophils_count_pct_delta', 'absolute_basophils_count_pct_delta', 'atypical_lymphocytes_manual_count_pct_delta', 'bands_manual_count_pct_delta', 'blasts_manual_count_pct_delta', 'promyelocytes_manual_count_pct_delta', 'myelocytes_manual_count_pct_delta', 'metamyelocytes_manual_count_pct_delta', 'other_cell_type_manual_count_pct_delta', 'absolute_blasts_manual_count_pct_delta', 'absolute_promyelocytes_manual_count_pct_delta', 'absolute_myelocytes_manual_count_pct_delta', 'absolute_metamyelocytes_manual_count_pct_delta', 'absolute_other_cell_type_manual_count_pct_delta']
2025-04-23 17:48:49.973 INFO Dataset - standarize: Standarizing data with cols to ignore ['target']
2025-04-23 17:48:50.062 INFO Dataset - split_x_y: Splitting data into x and y
2025-04-23 17:48:50.082 INFO ensemble - load_data: saving model to ./predictions/val_labels.pkl
2025-04-23 17:48:50.083 INFO ensemble - load_data: saving model to ./predictions/test_labels.pkl
2025-04-23 17:54:07.137 INFO ensemble - get_predictions_paths: ['./predictions/individual_predictions\\ada_boost_val_predictions.pkl', './predictions/individual_predictions\\gradient_boosting_val_predictions.pkl', './predictions/individual_predictions\\kn_val_predictions.pkl', './predictions/individual_predictions\\lr_val_predictions.pkl', './predictions/individual_predictions\\svc_val_predictions.pkl']
2025-04-23 17:54:07.138 INFO ensemble - get_predictions_paths: ['./predictions/individual_predictions\\ada_boost_test_predictions.pkl', './predictions/individual_predictions\\gradient_boosting_test_predictions.pkl', './predictions/individual_predictions\\kn_test_predictions.pkl', './predictions/individual_predictions\\lr_test_predictions.pkl', './predictions/individual_predictions\\nn_test_predictions.pkl', './predictions/individual_predictions\\svc_test_predictions.pkl']
2025-04-23 17:54:07.138 INFO ensemble - get_predictions_paths: []
2025-04-23 17:54:07.138 INFO ensemble - get_predictions_paths: []
2025-04-23 17:54:10.083 INFO Dataset - __init__: Creating Dataset object from <class 'pandas.core.frame.DataFrame'>
2025-04-23 17:54:10.178 INFO Dataset - drop_columns: Dropping columns ['Unnamed: 0', 'key', 'pat_age_yrs', 'sex'] from dataset
2025-04-23 17:54:10.635 INFO Dataset - rename_target: Renaming target column wbit_error to 'target'
2025-04-23 17:54:10.845 INFO Dataset - clean_missing: Cleaning missing data with threshold 0.15 and method delete
2025-04-23 17:54:13.462 INFO Dataset - clean_missing: Columns droped: ['mpv_delta', 'immature_granulocyte_automated_count_delta', 'absolute_immature_granulocyte_automated_count_delta', 'atypical_lymphocytes_manual_count_delta', 'bands_manual_count_delta', 'blasts_manual_count_delta', 'promyelocytes_manual_count_delta', 'myelocytes_manual_count_delta', 'metamyelocytes_manual_count_delta', 'other_cell_type_manual_count_delta', 'absolute_blasts_manual_count_delta', 'absolute_promyelocytes_manual_count_delta', 'absolute_myelocytes_manual_count_delta', 'absolute_metamyelocytes_manual_count_delta', 'absolute_other_cell_type_manual_count_delta', 'mpv_pct_delta', 'nrbc_per_100_wbcs_by_automated_count_pct_delta', 'immature_granulocyte_automated_count_pct_delta', 'eosinophils_count_pct_delta', 'basophils_count_pct_delta', 'absolute_immature_granulocyte_automated_count_pct_delta', 'absolute_eosinophils_count_pct_delta', 'absolute_basophils_count_pct_delta', 'atypical_lymphocytes_manual_count_pct_delta', 'bands_manual_count_pct_delta', 'blasts_manual_count_pct_delta', 'promyelocytes_manual_count_pct_delta', 'myelocytes_manual_count_pct_delta', 'metamyelocytes_manual_count_pct_delta', 'other_cell_type_manual_count_pct_delta', 'absolute_blasts_manual_count_pct_delta', 'absolute_promyelocytes_manual_count_pct_delta', 'absolute_myelocytes_manual_count_pct_delta', 'absolute_metamyelocytes_manual_count_pct_delta', 'absolute_other_cell_type_manual_count_pct_delta']
2025-04-23 17:54:13.463 INFO Dataset - standarize: Standarizing data with cols to ignore ['target']
2025-04-23 17:54:13.879 INFO Dataset - split_x_y: Splitting data into x and y
2025-04-23 17:54:13.944 INFO ensemble - load_data: saving model to ./predictions/val_labels.pkl
2025-04-23 17:54:13.948 INFO ensemble - load_data: saving model to ./predictions/test_labels.pkl
2025-04-23 17:55:50.348 INFO ensemble - get_predictions_paths: ['./predictions/individual_predictions\\ada_boost_val_predictions.pkl', './predictions/individual_predictions\\gradient_boosting_val_predictions.pkl', './predictions/individual_predictions\\kn_val_predictions.pkl', './predictions/individual_predictions\\lr_val_predictions.pkl', './predictions/individual_predictions\\svc_val_predictions.pkl']
2025-04-23 17:55:50.348 INFO ensemble - get_predictions_paths: ['./predictions/individual_predictions\\ada_boost_test_predictions.pkl', './predictions/individual_predictions\\gradient_boosting_test_predictions.pkl', './predictions/individual_predictions\\kn_test_predictions.pkl', './predictions/individual_predictions\\lr_test_predictions.pkl', './predictions/individual_predictions\\nn_test_predictions.pkl', './predictions/individual_predictions\\svc_test_predictions.pkl']
2025-04-23 17:55:50.348 INFO ensemble - get_predictions_paths: []
2025-04-23 17:55:50.348 INFO ensemble - get_predictions_paths: []
2025-04-23 17:55:53.011 INFO Dataset - __init__: Creating Dataset object from <class 'pandas.core.frame.DataFrame'>
2025-04-23 17:55:53.041 INFO Dataset - drop_columns: Dropping columns ['Unnamed: 0', 'key', 'pat_age_yrs', 'sex'] from dataset
2025-04-23 17:55:53.237 INFO Dataset - rename_target: Renaming target column wbit_error to 'target'
2025-04-23 17:55:53.356 INFO Dataset - clean_missing: Cleaning missing data with threshold 0.15 and method delete
2025-04-23 17:55:55.080 INFO Dataset - clean_missing: Columns droped: ['mpv_delta', 'immature_granulocyte_automated_count_delta', 'absolute_immature_granulocyte_automated_count_delta', 'atypical_lymphocytes_manual_count_delta', 'bands_manual_count_delta', 'blasts_manual_count_delta', 'promyelocytes_manual_count_delta', 'myelocytes_manual_count_delta', 'metamyelocytes_manual_count_delta', 'other_cell_type_manual_count_delta', 'absolute_blasts_manual_count_delta', 'absolute_promyelocytes_manual_count_delta', 'absolute_myelocytes_manual_count_delta', 'absolute_metamyelocytes_manual_count_delta', 'absolute_other_cell_type_manual_count_delta', 'mpv_pct_delta', 'nrbc_per_100_wbcs_by_automated_count_pct_delta', 'immature_granulocyte_automated_count_pct_delta', 'eosinophils_count_pct_delta', 'basophils_count_pct_delta', 'absolute_immature_granulocyte_automated_count_pct_delta', 'absolute_eosinophils_count_pct_delta', 'absolute_basophils_count_pct_delta', 'atypical_lymphocytes_manual_count_pct_delta', 'bands_manual_count_pct_delta', 'blasts_manual_count_pct_delta', 'promyelocytes_manual_count_pct_delta', 'myelocytes_manual_count_pct_delta', 'metamyelocytes_manual_count_pct_delta', 'other_cell_type_manual_count_pct_delta', 'absolute_blasts_manual_count_pct_delta', 'absolute_promyelocytes_manual_count_pct_delta', 'absolute_myelocytes_manual_count_pct_delta', 'absolute_metamyelocytes_manual_count_pct_delta', 'absolute_other_cell_type_manual_count_pct_delta']
2025-04-23 17:55:55.080 INFO Dataset - standarize: Standarizing data with cols to ignore ['target']
2025-04-23 17:55:55.272 INFO Dataset - split_x_y: Splitting data into x and y
2025-04-23 17:55:55.316 INFO ensemble - load_data: saving model to ./predictions/val_labels.pkl
2025-04-23 17:55:55.318 INFO ensemble - load_data: saving model to ./predictions/test_labels.pkl
2025-04-23 18:32:52.703 INFO ensemble - get_predictions_paths: ['./predictions/individual_predictions\\ada_boost_val_predictions.pkl', './predictions/individual_predictions\\gradient_boosting_val_predictions.pkl', './predictions/individual_predictions\\kn_val_predictions.pkl', './predictions/individual_predictions\\lr_val_predictions.pkl', './predictions/individual_predictions\\svc_val_predictions.pkl']
2025-04-23 18:32:52.703 INFO ensemble - get_predictions_paths: ['./predictions/individual_predictions\\ada_boost_test_predictions.pkl', './predictions/individual_predictions\\gradient_boosting_test_predictions.pkl', './predictions/individual_predictions\\kn_test_predictions.pkl', './predictions/individual_predictions\\lr_test_predictions.pkl', './predictions/individual_predictions\\nn_test_predictions.pkl', './predictions/individual_predictions\\svc_test_predictions.pkl']
2025-04-23 18:32:52.703 INFO ensemble - get_predictions_paths: []
2025-04-23 18:32:52.703 INFO ensemble - get_predictions_paths: []
2025-04-23 18:32:53.460 INFO Dataset - __init__: Creating Dataset object from <class 'pandas.core.frame.DataFrame'>
2025-04-23 18:32:53.478 INFO Dataset - drop_columns: Dropping columns ['Unnamed: 0', 'key', 'pat_age_yrs', 'sex'] from dataset
2025-04-23 18:32:53.580 INFO Dataset - rename_target: Renaming target column wbit_error to 'target'
2025-04-23 18:32:53.642 INFO Dataset - clean_missing: Cleaning missing data with threshold 0.15 and method delete
2025-04-23 18:32:54.383 INFO Dataset - clean_missing: Columns droped: ['mpv_delta', 'immature_granulocyte_automated_count_delta', 'absolute_immature_granulocyte_automated_count_delta', 'atypical_lymphocytes_manual_count_delta', 'bands_manual_count_delta', 'blasts_manual_count_delta', 'promyelocytes_manual_count_delta', 'myelocytes_manual_count_delta', 'metamyelocytes_manual_count_delta', 'other_cell_type_manual_count_delta', 'absolute_blasts_manual_count_delta', 'absolute_promyelocytes_manual_count_delta', 'absolute_myelocytes_manual_count_delta', 'absolute_metamyelocytes_manual_count_delta', 'absolute_other_cell_type_manual_count_delta', 'mpv_pct_delta', 'nrbc_per_100_wbcs_by_automated_count_pct_delta', 'immature_granulocyte_automated_count_pct_delta', 'eosinophils_count_pct_delta', 'basophils_count_pct_delta', 'absolute_immature_granulocyte_automated_count_pct_delta', 'absolute_eosinophils_count_pct_delta', 'absolute_basophils_count_pct_delta', 'atypical_lymphocytes_manual_count_pct_delta', 'bands_manual_count_pct_delta', 'blasts_manual_count_pct_delta', 'promyelocytes_manual_count_pct_delta', 'myelocytes_manual_count_pct_delta', 'metamyelocytes_manual_count_pct_delta', 'other_cell_type_manual_count_pct_delta', 'absolute_blasts_manual_count_pct_delta', 'absolute_promyelocytes_manual_count_pct_delta', 'absolute_myelocytes_manual_count_pct_delta', 'absolute_metamyelocytes_manual_count_pct_delta', 'absolute_other_cell_type_manual_count_pct_delta']
2025-04-23 18:32:54.383 INFO Dataset - standarize: Standarizing data with cols to ignore ['target']
2025-04-23 18:32:54.469 INFO Dataset - split_x_y: Splitting data into x and y
2025-04-23 18:32:54.489 INFO ensemble - load_data: saving model to ./predictions/val_labels.pkl
2025-04-23 18:32:54.490 INFO ensemble - load_data: saving model to ./predictions/test_labels.pkl
2025-04-23 20:02:12.460 INFO ensemble - get_predictions_paths: ['./predictions/individual_predictions\\ada_boost_val_predictions.pkl', './predictions/individual_predictions\\gradient_boosting_val_predictions.pkl', './predictions/individual_predictions\\kn_val_predictions.pkl', './predictions/individual_predictions\\lr_val_predictions.pkl', './predictions/individual_predictions\\svc_val_predictions.pkl']
2025-04-23 20:02:12.461 INFO ensemble - get_predictions_paths: ['./predictions/individual_predictions\\ada_boost_test_predictions.pkl', './predictions/individual_predictions\\gradient_boosting_test_predictions.pkl', './predictions/individual_predictions\\kn_test_predictions.pkl', './predictions/individual_predictions\\lr_test_predictions.pkl', './predictions/individual_predictions\\nn_test_predictions.pkl', './predictions/individual_predictions\\svc_test_predictions.pkl']
2025-04-23 20:02:12.461 INFO ensemble - get_predictions_paths: []
2025-04-23 20:02:12.461 INFO ensemble - get_predictions_paths: []
2025-04-23 20:02:13.299 INFO Dataset - __init__: Creating Dataset object from <class 'pandas.core.frame.DataFrame'>
2025-04-23 20:02:13.321 INFO Dataset - drop_columns: Dropping columns ['Unnamed: 0', 'key', 'pat_age_yrs', 'sex'] from dataset
2025-04-23 20:02:13.428 INFO Dataset - rename_target: Renaming target column wbit_error to 'target'
2025-04-23 20:02:13.489 INFO Dataset - clean_missing: Cleaning missing data with threshold 0.15 and method delete
2025-04-23 20:02:14.611 INFO Dataset - clean_missing: Columns droped: ['mpv_delta', 'immature_granulocyte_automated_count_delta', 'absolute_immature_granulocyte_automated_count_delta', 'atypical_lymphocytes_manual_count_delta', 'bands_manual_count_delta', 'blasts_manual_count_delta', 'promyelocytes_manual_count_delta', 'myelocytes_manual_count_delta', 'metamyelocytes_manual_count_delta', 'other_cell_type_manual_count_delta', 'absolute_blasts_manual_count_delta', 'absolute_promyelocytes_manual_count_delta', 'absolute_myelocytes_manual_count_delta', 'absolute_metamyelocytes_manual_count_delta', 'absolute_other_cell_type_manual_count_delta', 'mpv_pct_delta', 'nrbc_per_100_wbcs_by_automated_count_pct_delta', 'immature_granulocyte_automated_count_pct_delta', 'eosinophils_count_pct_delta', 'basophils_count_pct_delta', 'absolute_immature_granulocyte_automated_count_pct_delta', 'absolute_eosinophils_count_pct_delta', 'absolute_basophils_count_pct_delta', 'atypical_lymphocytes_manual_count_pct_delta', 'bands_manual_count_pct_delta', 'blasts_manual_count_pct_delta', 'promyelocytes_manual_count_pct_delta', 'myelocytes_manual_count_pct_delta', 'metamyelocytes_manual_count_pct_delta', 'other_cell_type_manual_count_pct_delta', 'absolute_blasts_manual_count_pct_delta', 'absolute_promyelocytes_manual_count_pct_delta', 'absolute_myelocytes_manual_count_pct_delta', 'absolute_metamyelocytes_manual_count_pct_delta', 'absolute_other_cell_type_manual_count_pct_delta']
2025-04-23 20:02:14.611 INFO Dataset - standarize: Standarizing data with cols to ignore ['target']
2025-04-23 20:02:14.715 INFO Dataset - split_x_y: Splitting data into x and y
2025-04-23 20:02:14.739 INFO ensemble - load_data: saving model to ./predictions/val_labels.pkl
2025-04-23 20:02:14.740 INFO ensemble - load_data: saving model to ./predictions/test_labels.pkl
2025-04-23 20:02:36.422 INFO ensemble - get_predictions_paths: ['./predictions/individual_predictions\\ada_boost_val_predictions.pkl', './predictions/individual_predictions\\gradient_boosting_val_predictions.pkl', './predictions/individual_predictions\\kn_val_predictions.pkl', './predictions/individual_predictions\\lr_val_predictions.pkl', './predictions/individual_predictions\\svc_val_predictions.pkl']
2025-04-23 20:02:36.422 INFO ensemble - get_predictions_paths: ['./predictions/individual_predictions\\ada_boost_test_predictions.pkl', './predictions/individual_predictions\\gradient_boosting_test_predictions.pkl', './predictions/individual_predictions\\kn_test_predictions.pkl', './predictions/individual_predictions\\lr_test_predictions.pkl', './predictions/individual_predictions\\nn_test_predictions.pkl', './predictions/individual_predictions\\svc_test_predictions.pkl']
2025-04-23 20:02:36.423 INFO ensemble - get_predictions_paths: []
2025-04-23 20:02:36.423 INFO ensemble - get_predictions_paths: []
2025-04-23 20:02:37.283 INFO Dataset - __init__: Creating Dataset object from <class 'pandas.core.frame.DataFrame'>
2025-04-23 20:02:37.302 INFO Dataset - drop_columns: Dropping columns ['Unnamed: 0', 'key', 'pat_age_yrs', 'sex'] from dataset
2025-04-23 20:02:37.409 INFO Dataset - rename_target: Renaming target column wbit_error to 'target'
2025-04-23 20:02:37.470 INFO Dataset - clean_missing: Cleaning missing data with threshold 0.15 and method delete
2025-04-23 20:02:38.240 INFO Dataset - clean_missing: Columns droped: ['mpv_delta', 'immature_granulocyte_automated_count_delta', 'absolute_immature_granulocyte_automated_count_delta', 'atypical_lymphocytes_manual_count_delta', 'bands_manual_count_delta', 'blasts_manual_count_delta', 'promyelocytes_manual_count_delta', 'myelocytes_manual_count_delta', 'metamyelocytes_manual_count_delta', 'other_cell_type_manual_count_delta', 'absolute_blasts_manual_count_delta', 'absolute_promyelocytes_manual_count_delta', 'absolute_myelocytes_manual_count_delta', 'absolute_metamyelocytes_manual_count_delta', 'absolute_other_cell_type_manual_count_delta', 'mpv_pct_delta', 'nrbc_per_100_wbcs_by_automated_count_pct_delta', 'immature_granulocyte_automated_count_pct_delta', 'eosinophils_count_pct_delta', 'basophils_count_pct_delta', 'absolute_immature_granulocyte_automated_count_pct_delta', 'absolute_eosinophils_count_pct_delta', 'absolute_basophils_count_pct_delta', 'atypical_lymphocytes_manual_count_pct_delta', 'bands_manual_count_pct_delta', 'blasts_manual_count_pct_delta', 'promyelocytes_manual_count_pct_delta', 'myelocytes_manual_count_pct_delta', 'metamyelocytes_manual_count_pct_delta', 'other_cell_type_manual_count_pct_delta', 'absolute_blasts_manual_count_pct_delta', 'absolute_promyelocytes_manual_count_pct_delta', 'absolute_myelocytes_manual_count_pct_delta', 'absolute_metamyelocytes_manual_count_pct_delta', 'absolute_other_cell_type_manual_count_pct_delta']
2025-04-23 20:02:38.241 INFO Dataset - standarize: Standarizing data with cols to ignore ['target']
2025-04-23 20:02:38.324 INFO Dataset - split_x_y: Splitting data into x and y
2025-04-23 20:02:38.342 INFO ensemble - load_data: saving model to ./predictions/val_labels.pkl
2025-04-23 20:02:38.343 INFO ensemble - load_data: saving model to ./predictions/test_labels.pkl
