2025-04-24 08:37:24.556 INFO ensemble - get_predictions_paths: ['./predictions/individual_predictions\\ada_boost_val_predictions.pkl', './predictions/individual_predictions\\gradient_boosting_val_predictions.pkl', './predictions/individual_predictions\\kn_val_predictions.pkl', './predictions/individual_predictions\\lr_val_predictions.pkl', './predictions/individual_predictions\\svc_val_predictions.pkl']
2025-04-24 08:37:24.556 INFO ensemble - get_predictions_paths: ['./predictions/individual_predictions\\ada_boost_test_predictions.pkl', './predictions/individual_predictions\\gradient_boosting_test_predictions.pkl', './predictions/individual_predictions\\kn_test_predictions.pkl', './predictions/individual_predictions\\lr_test_predictions.pkl', './predictions/individual_predictions\\nn_test_predictions.pkl', './predictions/individual_predictions\\svc_test_predictions.pkl']
2025-04-24 08:37:24.557 INFO ensemble - get_predictions_paths: []
2025-04-24 08:37:24.557 INFO ensemble - get_predictions_paths: []
2025-04-24 08:37:26.915 INFO Dataset - __init__: Creating Dataset object from <class 'pandas.core.frame.DataFrame'>
2025-04-24 08:37:26.960 INFO Dataset - drop_columns: Dropping columns ['Unnamed: 0', 'key', 'pat_age_yrs', 'sex'] from dataset
2025-04-24 08:37:27.196 INFO Dataset - rename_target: Renaming target column wbit_error to 'target'
2025-04-24 08:37:27.450 INFO Dataset - clean_missing: Cleaning missing data with threshold 0.15 and method delete
2025-04-24 08:37:29.769 INFO Dataset - clean_missing: Columns droped: ['mpv_delta', 'immature_granulocyte_automated_count_delta', 'absolute_immature_granulocyte_automated_count_delta', 'atypical_lymphocytes_manual_count_delta', 'bands_manual_count_delta', 'blasts_manual_count_delta', 'promyelocytes_manual_count_delta', 'myelocytes_manual_count_delta', 'metamyelocytes_manual_count_delta', 'other_cell_type_manual_count_delta', 'absolute_blasts_manual_count_delta', 'absolute_promyelocytes_manual_count_delta', 'absolute_myelocytes_manual_count_delta', 'absolute_metamyelocytes_manual_count_delta', 'absolute_other_cell_type_manual_count_delta', 'mpv_pct_delta', 'nrbc_per_100_wbcs_by_automated_count_pct_delta', 'immature_granulocyte_automated_count_pct_delta', 'eosinophils_count_pct_delta', 'basophils_count_pct_delta', 'absolute_immature_granulocyte_automated_count_pct_delta', 'absolute_eosinophils_count_pct_delta', 'absolute_basophils_count_pct_delta', 'atypical_lymphocytes_manual_count_pct_delta', 'bands_manual_count_pct_delta', 'blasts_manual_count_pct_delta', 'promyelocytes_manual_count_pct_delta', 'myelocytes_manual_count_pct_delta', 'metamyelocytes_manual_count_pct_delta', 'other_cell_type_manual_count_pct_delta', 'absolute_blasts_manual_count_pct_delta', 'absolute_promyelocytes_manual_count_pct_delta', 'absolute_myelocytes_manual_count_pct_delta', 'absolute_metamyelocytes_manual_count_pct_delta', 'absolute_other_cell_type_manual_count_pct_delta']
2025-04-24 08:37:29.770 INFO Dataset - standarize: Standarizing data with cols to ignore ['target']
2025-04-24 08:37:30.165 INFO Dataset - split_x_y: Splitting data into x and y
2025-04-24 08:37:30.236 INFO ensemble - load_data: saving model to ./predictions/val_labels.pkl
2025-04-24 08:37:30.239 INFO ensemble - load_data: saving model to ./predictions/test_labels.pkl
2025-04-24 08:38:09.824 INFO ensemble - get_predictions_paths: ['./predictions/individual_predictions\\ada_boost_val_predictions.pkl', './predictions/individual_predictions\\gradient_boosting_val_predictions.pkl', './predictions/individual_predictions\\kn_val_predictions.pkl', './predictions/individual_predictions\\lr_val_predictions.pkl', './predictions/individual_predictions\\svc_val_predictions.pkl']
2025-04-24 08:38:09.825 INFO ensemble - get_predictions_paths: ['./predictions/individual_predictions\\ada_boost_test_predictions.pkl', './predictions/individual_predictions\\gradient_boosting_test_predictions.pkl', './predictions/individual_predictions\\kn_test_predictions.pkl', './predictions/individual_predictions\\lr_test_predictions.pkl', './predictions/individual_predictions\\nn_test_predictions.pkl', './predictions/individual_predictions\\svc_test_predictions.pkl']
2025-04-24 08:38:09.825 INFO ensemble - get_predictions_paths: []
2025-04-24 08:38:09.825 INFO ensemble - get_predictions_paths: []
2025-04-24 08:38:11.488 INFO Dataset - __init__: Creating Dataset object from <class 'pandas.core.frame.DataFrame'>
2025-04-24 08:38:11.511 INFO Dataset - drop_columns: Dropping columns ['Unnamed: 0', 'key', 'pat_age_yrs', 'sex'] from dataset
2025-04-24 08:38:11.720 INFO Dataset - rename_target: Renaming target column wbit_error to 'target'
2025-04-24 08:38:11.847 INFO Dataset - clean_missing: Cleaning missing data with threshold 0.15 and method delete
2025-04-24 08:38:13.275 INFO Dataset - clean_missing: Columns droped: ['mpv_delta', 'immature_granulocyte_automated_count_delta', 'absolute_immature_granulocyte_automated_count_delta', 'atypical_lymphocytes_manual_count_delta', 'bands_manual_count_delta', 'blasts_manual_count_delta', 'promyelocytes_manual_count_delta', 'myelocytes_manual_count_delta', 'metamyelocytes_manual_count_delta', 'other_cell_type_manual_count_delta', 'absolute_blasts_manual_count_delta', 'absolute_promyelocytes_manual_count_delta', 'absolute_myelocytes_manual_count_delta', 'absolute_metamyelocytes_manual_count_delta', 'absolute_other_cell_type_manual_count_delta', 'mpv_pct_delta', 'nrbc_per_100_wbcs_by_automated_count_pct_delta', 'immature_granulocyte_automated_count_pct_delta', 'eosinophils_count_pct_delta', 'basophils_count_pct_delta', 'absolute_immature_granulocyte_automated_count_pct_delta', 'absolute_eosinophils_count_pct_delta', 'absolute_basophils_count_pct_delta', 'atypical_lymphocytes_manual_count_pct_delta', 'bands_manual_count_pct_delta', 'blasts_manual_count_pct_delta', 'promyelocytes_manual_count_pct_delta', 'myelocytes_manual_count_pct_delta', 'metamyelocytes_manual_count_pct_delta', 'other_cell_type_manual_count_pct_delta', 'absolute_blasts_manual_count_pct_delta', 'absolute_promyelocytes_manual_count_pct_delta', 'absolute_myelocytes_manual_count_pct_delta', 'absolute_metamyelocytes_manual_count_pct_delta', 'absolute_other_cell_type_manual_count_pct_delta']
2025-04-24 08:38:13.276 INFO Dataset - standarize: Standarizing data with cols to ignore ['target']
2025-04-24 08:38:13.507 INFO Dataset - split_x_y: Splitting data into x and y
2025-04-24 08:38:13.547 INFO ensemble - load_data: saving model to ./predictions/val_labels.pkl
2025-04-24 08:38:13.549 INFO ensemble - load_data: saving model to ./predictions/test_labels.pkl
2025-04-24 08:38:21.417 INFO ensemble - get_mayority_predictions: saving model to ./predictions/majority_val_predictions.pkl
2025-04-24 08:38:21.418 INFO ensemble - get_mayority_predictions: saving model to ./predictions/majority_test_predictions.pkl
2025-04-24 08:38:21.505 INFO utils - get_metrics: majority vote validation accuracy: 0.9486
2025-04-24 08:38:21.506 INFO utils - get_metrics: majority vote validation f1: 0.9469
2025-04-24 08:38:21.506 INFO utils - get_metrics: majority vote validation recall: 0.9271
2025-04-24 08:38:21.506 INFO utils - get_metrics: majority vote validation precision: 0.9676
2025-04-24 08:38:21.511 INFO utils - get_metrics: majority vote validation confusion matrix 
 [[37850  1186]
 [ 2786 35431]]
2025-04-24 08:38:24.100 INFO utils - get_metrics: majority vote test accuracy: 0.9533
2025-04-24 08:38:24.101 INFO utils - get_metrics: majority vote test f1: 0.9524
2025-04-24 08:38:24.101 INFO utils - get_metrics: majority vote test recall: 0.9349
2025-04-24 08:38:24.101 INFO utils - get_metrics: majority vote test precision: 0.9706
2025-04-24 08:38:24.106 INFO utils - get_metrics: majority vote test confusion matrix 
 [[6629  193]
 [ 444 6376]]
2025-04-24 08:38:24.420 INFO ensemble - <module>: saving model to ./predictions/majority_val_predictions.pkl
2025-04-24 08:38:24.422 INFO ensemble - <module>: saving model to ./predictions/majority_test_predictions.pkl
2025-04-24 08:47:39.550 INFO ensemble - get_predictions_paths: ['./predictions/individual_predictions\\ada_boost_val_predictions.pkl', './predictions/individual_predictions\\gradient_boosting_val_predictions.pkl', './predictions/individual_predictions\\kn_val_predictions.pkl', './predictions/individual_predictions\\lr_val_predictions.pkl', './predictions/individual_predictions\\svc_val_predictions.pkl']
2025-04-24 08:47:39.550 INFO ensemble - get_predictions_paths: ['./predictions/individual_predictions\\ada_boost_test_predictions.pkl', './predictions/individual_predictions\\gradient_boosting_test_predictions.pkl', './predictions/individual_predictions\\kn_test_predictions.pkl', './predictions/individual_predictions\\lr_test_predictions.pkl', './predictions/individual_predictions\\nn_test_predictions.pkl', './predictions/individual_predictions\\svc_test_predictions.pkl']
2025-04-24 08:47:39.550 INFO ensemble - get_predictions_paths: []
2025-04-24 08:47:39.550 INFO ensemble - get_predictions_paths: []
2025-04-24 08:47:41.642 INFO Dataset - __init__: Creating Dataset object from <class 'pandas.core.frame.DataFrame'>
2025-04-24 08:47:41.679 INFO Dataset - drop_columns: Dropping columns ['Unnamed: 0', 'key', 'pat_age_yrs', 'sex'] from dataset
2025-04-24 08:47:41.933 INFO Dataset - rename_target: Renaming target column wbit_error to 'target'
2025-04-24 08:47:42.074 INFO Dataset - clean_missing: Cleaning missing data with threshold 0.15 and method delete
2025-04-24 08:47:43.527 INFO Dataset - clean_missing: Columns droped: ['mpv_delta', 'immature_granulocyte_automated_count_delta', 'absolute_immature_granulocyte_automated_count_delta', 'atypical_lymphocytes_manual_count_delta', 'bands_manual_count_delta', 'blasts_manual_count_delta', 'promyelocytes_manual_count_delta', 'myelocytes_manual_count_delta', 'metamyelocytes_manual_count_delta', 'other_cell_type_manual_count_delta', 'absolute_blasts_manual_count_delta', 'absolute_promyelocytes_manual_count_delta', 'absolute_myelocytes_manual_count_delta', 'absolute_metamyelocytes_manual_count_delta', 'absolute_other_cell_type_manual_count_delta', 'mpv_pct_delta', 'nrbc_per_100_wbcs_by_automated_count_pct_delta', 'immature_granulocyte_automated_count_pct_delta', 'eosinophils_count_pct_delta', 'basophils_count_pct_delta', 'absolute_immature_granulocyte_automated_count_pct_delta', 'absolute_eosinophils_count_pct_delta', 'absolute_basophils_count_pct_delta', 'atypical_lymphocytes_manual_count_pct_delta', 'bands_manual_count_pct_delta', 'blasts_manual_count_pct_delta', 'promyelocytes_manual_count_pct_delta', 'myelocytes_manual_count_pct_delta', 'metamyelocytes_manual_count_pct_delta', 'other_cell_type_manual_count_pct_delta', 'absolute_blasts_manual_count_pct_delta', 'absolute_promyelocytes_manual_count_pct_delta', 'absolute_myelocytes_manual_count_pct_delta', 'absolute_metamyelocytes_manual_count_pct_delta', 'absolute_other_cell_type_manual_count_pct_delta']
2025-04-24 08:47:43.528 INFO Dataset - standarize: Standarizing data with cols to ignore ['target']
2025-04-24 08:47:43.700 INFO Dataset - split_x_y: Splitting data into x and y
2025-04-24 08:47:43.729 INFO ensemble - load_data: saving model to ./predictions/val_labels.pkl
2025-04-24 08:47:43.734 INFO ensemble - load_data: saving model to ./predictions/test_labels.pkl
2025-04-24 08:47:43.969 INFO ensemble - get_mayority_predictions: saving model to ./predictions/majority_val_predictions.pkl
2025-04-24 08:47:43.974 INFO ensemble - get_mayority_predictions: saving model to ./predictions/majority_test_predictions.pkl
2025-04-24 08:47:44.034 INFO utils - get_metrics: majority vote validation accuracy: 0.9486
2025-04-24 08:47:44.034 INFO utils - get_metrics: majority vote validation f1: 0.9469
2025-04-24 08:47:44.034 INFO utils - get_metrics: majority vote validation recall: 0.9271
2025-04-24 08:47:44.035 INFO utils - get_metrics: majority vote validation precision: 0.9676
2025-04-24 08:47:44.040 INFO utils - get_metrics: majority vote validation confusion matrix 
 [[37850  1186]
 [ 2786 35431]]
2025-04-24 08:47:44.787 INFO utils - get_metrics: majority vote test accuracy: 0.9533
2025-04-24 08:47:44.787 INFO utils - get_metrics: majority vote test f1: 0.9524
2025-04-24 08:47:44.787 INFO utils - get_metrics: majority vote test recall: 0.9349
2025-04-24 08:47:44.788 INFO utils - get_metrics: majority vote test precision: 0.9706
2025-04-24 08:47:44.792 INFO utils - get_metrics: majority vote test confusion matrix 
 [[6629  193]
 [ 444 6376]]
2025-04-24 08:47:45.211 INFO utils - save_prediction: saving model to ./predictions/individual_predictions/majority_vote_val_predictions.pkl
2025-04-24 08:47:45.214 INFO utils - save_prediction: saving model to ./predictions/individual_predictions/majority_vote_test_predictions.pkl
2025-04-24 08:55:03.921 INFO ensemble - get_predictions_paths: ['./predictions/individual_predictions\\ada_boost_val_predictions.pkl', './predictions/individual_predictions\\gradient_boosting_val_predictions.pkl', './predictions/individual_predictions\\kn_val_predictions.pkl', './predictions/individual_predictions\\lr_val_predictions.pkl', './predictions/individual_predictions\\majority_vote_val_predictions.pkl', './predictions/individual_predictions\\svc_val_predictions.pkl']
2025-04-24 08:55:03.921 INFO ensemble - get_predictions_paths: ['./predictions/individual_predictions\\ada_boost_test_predictions.pkl', './predictions/individual_predictions\\gradient_boosting_test_predictions.pkl', './predictions/individual_predictions\\kn_test_predictions.pkl', './predictions/individual_predictions\\lr_test_predictions.pkl', './predictions/individual_predictions\\majority_vote_test_predictions.pkl', './predictions/individual_predictions\\nn_test_predictions.pkl', './predictions/individual_predictions\\svc_test_predictions.pkl']
2025-04-24 08:55:03.921 INFO ensemble - get_predictions_paths: []
2025-04-24 08:55:03.921 INFO ensemble - get_predictions_paths: []
2025-04-24 08:55:04.717 INFO Dataset - __init__: Creating Dataset object from <class 'pandas.core.frame.DataFrame'>
2025-04-24 08:55:04.736 INFO Dataset - drop_columns: Dropping columns ['Unnamed: 0', 'key', 'pat_age_yrs', 'sex'] from dataset
2025-04-24 08:55:04.846 INFO Dataset - rename_target: Renaming target column wbit_error to 'target'
2025-04-24 08:55:04.920 INFO Dataset - clean_missing: Cleaning missing data with threshold 0.15 and method delete
2025-04-24 08:55:05.966 INFO Dataset - clean_missing: Columns droped: ['mpv_delta', 'immature_granulocyte_automated_count_delta', 'absolute_immature_granulocyte_automated_count_delta', 'atypical_lymphocytes_manual_count_delta', 'bands_manual_count_delta', 'blasts_manual_count_delta', 'promyelocytes_manual_count_delta', 'myelocytes_manual_count_delta', 'metamyelocytes_manual_count_delta', 'other_cell_type_manual_count_delta', 'absolute_blasts_manual_count_delta', 'absolute_promyelocytes_manual_count_delta', 'absolute_myelocytes_manual_count_delta', 'absolute_metamyelocytes_manual_count_delta', 'absolute_other_cell_type_manual_count_delta', 'mpv_pct_delta', 'nrbc_per_100_wbcs_by_automated_count_pct_delta', 'immature_granulocyte_automated_count_pct_delta', 'eosinophils_count_pct_delta', 'basophils_count_pct_delta', 'absolute_immature_granulocyte_automated_count_pct_delta', 'absolute_eosinophils_count_pct_delta', 'absolute_basophils_count_pct_delta', 'atypical_lymphocytes_manual_count_pct_delta', 'bands_manual_count_pct_delta', 'blasts_manual_count_pct_delta', 'promyelocytes_manual_count_pct_delta', 'myelocytes_manual_count_pct_delta', 'metamyelocytes_manual_count_pct_delta', 'other_cell_type_manual_count_pct_delta', 'absolute_blasts_manual_count_pct_delta', 'absolute_promyelocytes_manual_count_pct_delta', 'absolute_myelocytes_manual_count_pct_delta', 'absolute_metamyelocytes_manual_count_pct_delta', 'absolute_other_cell_type_manual_count_pct_delta']
2025-04-24 08:55:05.966 INFO Dataset - standarize: Standarizing data with cols to ignore ['target']
2025-04-24 08:55:06.069 INFO Dataset - split_x_y: Splitting data into x and y
2025-04-24 08:55:06.091 INFO ensemble - load_data: saving model to ./predictions/val_labels.pkl
2025-04-24 08:55:06.092 INFO ensemble - load_data: saving model to ./predictions/test_labels.pkl
2025-04-24 08:55:23.756 INFO ensemble - get_predictions_paths: ['./predictions/individual_predictions\\ada_boost_val_predictions.pkl', './predictions/individual_predictions\\gradient_boosting_val_predictions.pkl', './predictions/individual_predictions\\kn_val_predictions.pkl', './predictions/individual_predictions\\lr_val_predictions.pkl', './predictions/individual_predictions\\majority_vote_val_predictions.pkl', './predictions/individual_predictions\\svc_val_predictions.pkl']
2025-04-24 08:55:23.756 INFO ensemble - get_predictions_paths: ['./predictions/individual_predictions\\ada_boost_test_predictions.pkl', './predictions/individual_predictions\\gradient_boosting_test_predictions.pkl', './predictions/individual_predictions\\kn_test_predictions.pkl', './predictions/individual_predictions\\lr_test_predictions.pkl', './predictions/individual_predictions\\majority_vote_test_predictions.pkl', './predictions/individual_predictions\\nn_test_predictions.pkl', './predictions/individual_predictions\\svc_test_predictions.pkl']
2025-04-24 08:55:23.756 INFO ensemble - get_predictions_paths: []
2025-04-24 08:55:23.756 INFO ensemble - get_predictions_paths: []
2025-04-24 08:55:24.630 INFO Dataset - __init__: Creating Dataset object from <class 'pandas.core.frame.DataFrame'>
2025-04-24 08:55:24.649 INFO Dataset - drop_columns: Dropping columns ['Unnamed: 0', 'key', 'pat_age_yrs', 'sex'] from dataset
2025-04-24 08:55:24.774 INFO Dataset - rename_target: Renaming target column wbit_error to 'target'
2025-04-24 08:55:24.853 INFO Dataset - clean_missing: Cleaning missing data with threshold 0.15 and method delete
2025-04-24 08:55:25.680 INFO Dataset - clean_missing: Columns droped: ['mpv_delta', 'immature_granulocyte_automated_count_delta', 'absolute_immature_granulocyte_automated_count_delta', 'atypical_lymphocytes_manual_count_delta', 'bands_manual_count_delta', 'blasts_manual_count_delta', 'promyelocytes_manual_count_delta', 'myelocytes_manual_count_delta', 'metamyelocytes_manual_count_delta', 'other_cell_type_manual_count_delta', 'absolute_blasts_manual_count_delta', 'absolute_promyelocytes_manual_count_delta', 'absolute_myelocytes_manual_count_delta', 'absolute_metamyelocytes_manual_count_delta', 'absolute_other_cell_type_manual_count_delta', 'mpv_pct_delta', 'nrbc_per_100_wbcs_by_automated_count_pct_delta', 'immature_granulocyte_automated_count_pct_delta', 'eosinophils_count_pct_delta', 'basophils_count_pct_delta', 'absolute_immature_granulocyte_automated_count_pct_delta', 'absolute_eosinophils_count_pct_delta', 'absolute_basophils_count_pct_delta', 'atypical_lymphocytes_manual_count_pct_delta', 'bands_manual_count_pct_delta', 'blasts_manual_count_pct_delta', 'promyelocytes_manual_count_pct_delta', 'myelocytes_manual_count_pct_delta', 'metamyelocytes_manual_count_pct_delta', 'other_cell_type_manual_count_pct_delta', 'absolute_blasts_manual_count_pct_delta', 'absolute_promyelocytes_manual_count_pct_delta', 'absolute_myelocytes_manual_count_pct_delta', 'absolute_metamyelocytes_manual_count_pct_delta', 'absolute_other_cell_type_manual_count_pct_delta']
2025-04-24 08:55:25.680 INFO Dataset - standarize: Standarizing data with cols to ignore ['target']
2025-04-24 08:55:25.764 INFO Dataset - split_x_y: Splitting data into x and y
2025-04-24 08:55:25.783 INFO ensemble - load_data: saving model to ./predictions/val_labels.pkl
2025-04-24 08:55:25.785 INFO ensemble - load_data: saving model to ./predictions/test_labels.pkl
2025-04-24 08:55:26.044 INFO utils - save_prediction: saving model to ./predictions/individual_predictions/majority_vote_val_pred.pkl
2025-04-24 08:55:26.059 INFO utils - save_prediction: saving model to ./predictions/individual_predictions/majority_vote_test_pred.pkl
2025-04-24 08:57:17.560 INFO ensemble - get_predictions_paths: ['./predictions/individual_predictions\\ada_boost_val_predictions.pkl', './predictions/individual_predictions\\gradient_boosting_val_predictions.pkl', './predictions/individual_predictions\\kn_val_predictions.pkl', './predictions/individual_predictions\\lr_val_predictions.pkl', './predictions/individual_predictions\\svc_val_predictions.pkl']
2025-04-24 08:57:17.561 INFO ensemble - get_predictions_paths: ['./predictions/individual_predictions\\ada_boost_test_predictions.pkl', './predictions/individual_predictions\\gradient_boosting_test_predictions.pkl', './predictions/individual_predictions\\kn_test_predictions.pkl', './predictions/individual_predictions\\lr_test_predictions.pkl', './predictions/individual_predictions\\nn_test_predictions.pkl', './predictions/individual_predictions\\svc_test_predictions.pkl']
2025-04-24 08:57:17.561 INFO ensemble - get_predictions_paths: []
2025-04-24 08:57:17.561 INFO ensemble - get_predictions_paths: []
2025-04-24 08:57:18.300 INFO Dataset - __init__: Creating Dataset object from <class 'pandas.core.frame.DataFrame'>
2025-04-24 08:57:18.319 INFO Dataset - drop_columns: Dropping columns ['Unnamed: 0', 'key', 'pat_age_yrs', 'sex'] from dataset
2025-04-24 08:57:18.428 INFO Dataset - rename_target: Renaming target column wbit_error to 'target'
2025-04-24 08:57:18.500 INFO Dataset - clean_missing: Cleaning missing data with threshold 0.15 and method delete
2025-04-24 08:57:19.426 INFO Dataset - clean_missing: Columns droped: ['mpv_delta', 'immature_granulocyte_automated_count_delta', 'absolute_immature_granulocyte_automated_count_delta', 'atypical_lymphocytes_manual_count_delta', 'bands_manual_count_delta', 'blasts_manual_count_delta', 'promyelocytes_manual_count_delta', 'myelocytes_manual_count_delta', 'metamyelocytes_manual_count_delta', 'other_cell_type_manual_count_delta', 'absolute_blasts_manual_count_delta', 'absolute_promyelocytes_manual_count_delta', 'absolute_myelocytes_manual_count_delta', 'absolute_metamyelocytes_manual_count_delta', 'absolute_other_cell_type_manual_count_delta', 'mpv_pct_delta', 'nrbc_per_100_wbcs_by_automated_count_pct_delta', 'immature_granulocyte_automated_count_pct_delta', 'eosinophils_count_pct_delta', 'basophils_count_pct_delta', 'absolute_immature_granulocyte_automated_count_pct_delta', 'absolute_eosinophils_count_pct_delta', 'absolute_basophils_count_pct_delta', 'atypical_lymphocytes_manual_count_pct_delta', 'bands_manual_count_pct_delta', 'blasts_manual_count_pct_delta', 'promyelocytes_manual_count_pct_delta', 'myelocytes_manual_count_pct_delta', 'metamyelocytes_manual_count_pct_delta', 'other_cell_type_manual_count_pct_delta', 'absolute_blasts_manual_count_pct_delta', 'absolute_promyelocytes_manual_count_pct_delta', 'absolute_myelocytes_manual_count_pct_delta', 'absolute_metamyelocytes_manual_count_pct_delta', 'absolute_other_cell_type_manual_count_pct_delta']
2025-04-24 08:57:19.427 INFO Dataset - standarize: Standarizing data with cols to ignore ['target']
2025-04-24 08:57:19.510 INFO Dataset - split_x_y: Splitting data into x and y
2025-04-24 08:57:19.529 INFO ensemble - load_data: saving model to ./predictions/val_labels.pkl
2025-04-24 08:57:19.530 INFO ensemble - load_data: saving model to ./predictions/test_labels.pkl
2025-04-24 08:57:19.718 INFO utils - save_prediction: saving model to ./predictions/individual_predictions/majority_vote_val_pred.pkl
2025-04-24 08:57:19.730 INFO utils - save_prediction: saving model to ./predictions/individual_predictions/majority_vote_test_pred.pkl
2025-04-24 09:07:11.445 INFO ensemble - get_predictions_paths: ['./predictions/individual_predictions\\ada_boost_val_predictions.pkl', './predictions/individual_predictions\\gradient_boosting_val_predictions.pkl', './predictions/individual_predictions\\kn_val_predictions.pkl', './predictions/individual_predictions\\lr_val_predictions.pkl', './predictions/individual_predictions\\svc_val_predictions.pkl']
2025-04-24 09:07:11.446 INFO ensemble - get_predictions_paths: ['./predictions/individual_predictions\\ada_boost_test_predictions.pkl', './predictions/individual_predictions\\gradient_boosting_test_predictions.pkl', './predictions/individual_predictions\\kn_test_predictions.pkl', './predictions/individual_predictions\\lr_test_predictions.pkl', './predictions/individual_predictions\\nn_test_predictions.pkl', './predictions/individual_predictions\\svc_test_predictions.pkl']
2025-04-24 09:07:11.446 INFO ensemble - get_predictions_paths: []
2025-04-24 09:07:11.446 INFO ensemble - get_predictions_paths: []
2025-04-24 09:07:12.194 INFO Dataset - __init__: Creating Dataset object from <class 'pandas.core.frame.DataFrame'>
2025-04-24 09:07:12.216 INFO Dataset - drop_columns: Dropping columns ['Unnamed: 0', 'key', 'pat_age_yrs', 'sex'] from dataset
2025-04-24 09:07:12.325 INFO Dataset - rename_target: Renaming target column wbit_error to 'target'
2025-04-24 09:07:12.387 INFO Dataset - clean_missing: Cleaning missing data with threshold 0.15 and method delete
2025-04-24 09:07:13.117 INFO Dataset - clean_missing: Columns droped: ['mpv_delta', 'immature_granulocyte_automated_count_delta', 'absolute_immature_granulocyte_automated_count_delta', 'atypical_lymphocytes_manual_count_delta', 'bands_manual_count_delta', 'blasts_manual_count_delta', 'promyelocytes_manual_count_delta', 'myelocytes_manual_count_delta', 'metamyelocytes_manual_count_delta', 'other_cell_type_manual_count_delta', 'absolute_blasts_manual_count_delta', 'absolute_promyelocytes_manual_count_delta', 'absolute_myelocytes_manual_count_delta', 'absolute_metamyelocytes_manual_count_delta', 'absolute_other_cell_type_manual_count_delta', 'mpv_pct_delta', 'nrbc_per_100_wbcs_by_automated_count_pct_delta', 'immature_granulocyte_automated_count_pct_delta', 'eosinophils_count_pct_delta', 'basophils_count_pct_delta', 'absolute_immature_granulocyte_automated_count_pct_delta', 'absolute_eosinophils_count_pct_delta', 'absolute_basophils_count_pct_delta', 'atypical_lymphocytes_manual_count_pct_delta', 'bands_manual_count_pct_delta', 'blasts_manual_count_pct_delta', 'promyelocytes_manual_count_pct_delta', 'myelocytes_manual_count_pct_delta', 'metamyelocytes_manual_count_pct_delta', 'other_cell_type_manual_count_pct_delta', 'absolute_blasts_manual_count_pct_delta', 'absolute_promyelocytes_manual_count_pct_delta', 'absolute_myelocytes_manual_count_pct_delta', 'absolute_metamyelocytes_manual_count_pct_delta', 'absolute_other_cell_type_manual_count_pct_delta']
2025-04-24 09:07:13.117 INFO Dataset - standarize: Standarizing data with cols to ignore ['target']
2025-04-24 09:07:13.236 INFO Dataset - split_x_y: Splitting data into x and y
2025-04-24 09:07:13.260 INFO ensemble - load_data: saving model to ./predictions/val_labels.pkl
2025-04-24 09:07:13.261 INFO ensemble - load_data: saving model to ./predictions/test_labels.pkl
2025-04-24 09:07:13.449 INFO utils - save_prediction: saving model to ./predictions/individual_predictions/majority_vote_val_pred.pkl
2025-04-24 09:07:13.451 INFO utils - save_prediction: saving model to ./predictions/individual_predictions/majority_vote_test_pred.pkl
2025-04-24 09:07:13.482 INFO utils - get_metrics: majority vote validation accuracy: 0.9486
2025-04-24 09:07:13.482 INFO utils - get_metrics: majority vote validation f1: 0.9469
2025-04-24 09:07:13.482 INFO utils - get_metrics: majority vote validation recall: 0.9271
2025-04-24 09:07:13.482 INFO utils - get_metrics: majority vote validation precision: 0.9676
2025-04-24 09:07:13.486 INFO utils - get_metrics: majority vote validation confusion matrix 
 [[37850  1186]
 [ 2786 35431]]
2025-04-24 09:07:13.854 INFO utils - get_metrics: majority vote test accuracy: 0.9533
2025-04-24 09:07:13.854 INFO utils - get_metrics: majority vote test f1: 0.9524
2025-04-24 09:07:13.854 INFO utils - get_metrics: majority vote test recall: 0.9349
2025-04-24 09:07:13.854 INFO utils - get_metrics: majority vote test precision: 0.9706
2025-04-24 09:07:13.856 INFO utils - get_metrics: majority vote test confusion matrix 
 [[6629  193]
 [ 444 6376]]
2025-04-24 09:08:06.480 INFO ensemble - get_predictions_paths: ['./predictions/individual_predictions\\ada_boost_val_predictions.pkl', './predictions/individual_predictions\\gradient_boosting_val_predictions.pkl', './predictions/individual_predictions\\kn_val_predictions.pkl', './predictions/individual_predictions\\lr_val_predictions.pkl', './predictions/individual_predictions\\svc_val_predictions.pkl']
2025-04-24 09:08:06.480 INFO ensemble - get_predictions_paths: ['./predictions/individual_predictions\\ada_boost_test_predictions.pkl', './predictions/individual_predictions\\gradient_boosting_test_predictions.pkl', './predictions/individual_predictions\\kn_test_predictions.pkl', './predictions/individual_predictions\\lr_test_predictions.pkl', './predictions/individual_predictions\\nn_test_predictions.pkl', './predictions/individual_predictions\\svc_test_predictions.pkl']
2025-04-24 09:08:06.480 INFO ensemble - get_predictions_paths: []
2025-04-24 09:08:06.480 INFO ensemble - get_predictions_paths: []
2025-04-24 09:08:07.218 INFO Dataset - __init__: Creating Dataset object from <class 'pandas.core.frame.DataFrame'>
2025-04-24 09:08:07.236 INFO Dataset - drop_columns: Dropping columns ['Unnamed: 0', 'key', 'pat_age_yrs', 'sex'] from dataset
2025-04-24 09:08:07.339 INFO Dataset - rename_target: Renaming target column wbit_error to 'target'
2025-04-24 09:08:07.398 INFO Dataset - clean_missing: Cleaning missing data with threshold 0.15 and method delete
2025-04-24 09:08:08.167 INFO Dataset - clean_missing: Columns droped: ['mpv_delta', 'immature_granulocyte_automated_count_delta', 'absolute_immature_granulocyte_automated_count_delta', 'atypical_lymphocytes_manual_count_delta', 'bands_manual_count_delta', 'blasts_manual_count_delta', 'promyelocytes_manual_count_delta', 'myelocytes_manual_count_delta', 'metamyelocytes_manual_count_delta', 'other_cell_type_manual_count_delta', 'absolute_blasts_manual_count_delta', 'absolute_promyelocytes_manual_count_delta', 'absolute_myelocytes_manual_count_delta', 'absolute_metamyelocytes_manual_count_delta', 'absolute_other_cell_type_manual_count_delta', 'mpv_pct_delta', 'nrbc_per_100_wbcs_by_automated_count_pct_delta', 'immature_granulocyte_automated_count_pct_delta', 'eosinophils_count_pct_delta', 'basophils_count_pct_delta', 'absolute_immature_granulocyte_automated_count_pct_delta', 'absolute_eosinophils_count_pct_delta', 'absolute_basophils_count_pct_delta', 'atypical_lymphocytes_manual_count_pct_delta', 'bands_manual_count_pct_delta', 'blasts_manual_count_pct_delta', 'promyelocytes_manual_count_pct_delta', 'myelocytes_manual_count_pct_delta', 'metamyelocytes_manual_count_pct_delta', 'other_cell_type_manual_count_pct_delta', 'absolute_blasts_manual_count_pct_delta', 'absolute_promyelocytes_manual_count_pct_delta', 'absolute_myelocytes_manual_count_pct_delta', 'absolute_metamyelocytes_manual_count_pct_delta', 'absolute_other_cell_type_manual_count_pct_delta']
2025-04-24 09:08:08.168 INFO Dataset - standarize: Standarizing data with cols to ignore ['target']
2025-04-24 09:08:08.244 INFO Dataset - split_x_y: Splitting data into x and y
2025-04-24 09:08:08.263 INFO ensemble - load_data: saving model to ./predictions/val_labels.pkl
2025-04-24 09:08:08.264 INFO ensemble - load_data: saving model to ./predictions/test_labels.pkl
2025-04-24 09:08:08.412 INFO utils - save_prediction: saving model to ./predictions/individual_predictions/majority_vote_val_pred.pkl
2025-04-24 09:08:08.413 INFO utils - save_prediction: saving model to ./predictions/individual_predictions/majority_vote_test_pred.pkl
2025-04-24 09:08:08.440 INFO utils - get_metrics: majority vote validation accuracy: 0.9486
2025-04-24 09:08:08.440 INFO utils - get_metrics: majority vote validation f1: 0.9469
2025-04-24 09:08:08.440 INFO utils - get_metrics: majority vote validation recall: 0.9271
2025-04-24 09:08:08.440 INFO utils - get_metrics: majority vote validation precision: 0.9676
2025-04-24 09:08:08.443 INFO utils - get_metrics: majority vote validation confusion matrix 
 [[37850  1186]
 [ 2786 35431]]
2025-04-24 09:08:08.765 INFO utils - get_metrics: majority vote test accuracy: 0.9533
2025-04-24 09:08:08.765 INFO utils - get_metrics: majority vote test f1: 0.9524
2025-04-24 09:08:08.765 INFO utils - get_metrics: majority vote test recall: 0.9349
2025-04-24 09:08:08.765 INFO utils - get_metrics: majority vote test precision: 0.9706
2025-04-24 09:08:08.767 INFO utils - get_metrics: majority vote test confusion matrix 
 [[6629  193]
 [ 444 6376]]
2025-04-24 09:09:29.172 INFO ensemble - get_predictions_paths: ['./predictions/individual_predictions\\ada_boost_val_predictions.pkl', './predictions/individual_predictions\\gradient_boosting_val_predictions.pkl', './predictions/individual_predictions\\kn_val_predictions.pkl', './predictions/individual_predictions\\lr_val_predictions.pkl', './predictions/individual_predictions\\svc_val_predictions.pkl']
2025-04-24 09:09:29.172 INFO ensemble - get_predictions_paths: ['./predictions/individual_predictions\\ada_boost_test_predictions.pkl', './predictions/individual_predictions\\gradient_boosting_test_predictions.pkl', './predictions/individual_predictions\\kn_test_predictions.pkl', './predictions/individual_predictions\\lr_test_predictions.pkl', './predictions/individual_predictions\\nn_test_predictions.pkl', './predictions/individual_predictions\\svc_test_predictions.pkl']
2025-04-24 09:09:29.172 INFO ensemble - get_predictions_paths: []
2025-04-24 09:09:29.173 INFO ensemble - get_predictions_paths: []
2025-04-24 09:09:30.000 INFO Dataset - __init__: Creating Dataset object from <class 'pandas.core.frame.DataFrame'>
2025-04-24 09:09:30.019 INFO Dataset - drop_columns: Dropping columns ['Unnamed: 0', 'key', 'pat_age_yrs', 'sex'] from dataset
2025-04-24 09:09:30.126 INFO Dataset - rename_target: Renaming target column wbit_error to 'target'
2025-04-24 09:09:30.186 INFO Dataset - clean_missing: Cleaning missing data with threshold 0.15 and method delete
2025-04-24 09:09:30.912 INFO Dataset - clean_missing: Columns droped: ['mpv_delta', 'immature_granulocyte_automated_count_delta', 'absolute_immature_granulocyte_automated_count_delta', 'atypical_lymphocytes_manual_count_delta', 'bands_manual_count_delta', 'blasts_manual_count_delta', 'promyelocytes_manual_count_delta', 'myelocytes_manual_count_delta', 'metamyelocytes_manual_count_delta', 'other_cell_type_manual_count_delta', 'absolute_blasts_manual_count_delta', 'absolute_promyelocytes_manual_count_delta', 'absolute_myelocytes_manual_count_delta', 'absolute_metamyelocytes_manual_count_delta', 'absolute_other_cell_type_manual_count_delta', 'mpv_pct_delta', 'nrbc_per_100_wbcs_by_automated_count_pct_delta', 'immature_granulocyte_automated_count_pct_delta', 'eosinophils_count_pct_delta', 'basophils_count_pct_delta', 'absolute_immature_granulocyte_automated_count_pct_delta', 'absolute_eosinophils_count_pct_delta', 'absolute_basophils_count_pct_delta', 'atypical_lymphocytes_manual_count_pct_delta', 'bands_manual_count_pct_delta', 'blasts_manual_count_pct_delta', 'promyelocytes_manual_count_pct_delta', 'myelocytes_manual_count_pct_delta', 'metamyelocytes_manual_count_pct_delta', 'other_cell_type_manual_count_pct_delta', 'absolute_blasts_manual_count_pct_delta', 'absolute_promyelocytes_manual_count_pct_delta', 'absolute_myelocytes_manual_count_pct_delta', 'absolute_metamyelocytes_manual_count_pct_delta', 'absolute_other_cell_type_manual_count_pct_delta']
2025-04-24 09:09:30.912 INFO Dataset - standarize: Standarizing data with cols to ignore ['target']
2025-04-24 09:09:30.991 INFO Dataset - split_x_y: Splitting data into x and y
2025-04-24 09:09:31.009 INFO ensemble - load_data: saving model to ./predictions/val_labels.pkl
2025-04-24 09:09:31.010 INFO ensemble - load_data: saving model to ./predictions/test_labels.pkl
2025-04-24 09:09:31.159 INFO utils - save_prediction: saving model to ./predictions/individual_predictions/majority_vote_val_pred.pkl
2025-04-24 09:09:31.161 INFO utils - save_prediction: saving model to ./predictions/individual_predictions/majority_vote_test_pred.pkl
2025-04-24 09:09:31.182 INFO utils - get_metrics: majority vote validation accuracy: 0.9486
2025-04-24 09:09:31.182 INFO utils - get_metrics: majority vote validation f1: 0.9469
2025-04-24 09:09:31.182 INFO utils - get_metrics: majority vote validation recall: 0.9271
2025-04-24 09:09:31.182 INFO utils - get_metrics: majority vote validation precision: 0.9676
2025-04-24 09:09:31.185 INFO utils - get_metrics: majority vote validation confusion matrix 
 [[37850  1186]
 [ 2786 35431]]
2025-04-24 09:09:31.504 INFO utils - get_metrics: majority vote test accuracy: 0.9533
2025-04-24 09:09:31.504 INFO utils - get_metrics: majority vote test f1: 0.9524
2025-04-24 09:09:31.504 INFO utils - get_metrics: majority vote test recall: 0.9349
2025-04-24 09:09:31.504 INFO utils - get_metrics: majority vote test precision: 0.9706
2025-04-24 09:09:31.505 INFO utils - get_metrics: majority vote test confusion matrix 
 [[6629  193]
 [ 444 6376]]
2025-04-24 09:36:51.430 INFO ensemble - get_predictions_paths: ['./predictions/individual_predictions\\ada_boost_val_predictions.pkl', './predictions/individual_predictions\\gradient_boosting_val_predictions.pkl', './predictions/individual_predictions\\kn_val_predictions.pkl', './predictions/individual_predictions\\lr_val_predictions.pkl', './predictions/individual_predictions\\svc_val_predictions.pkl']
2025-04-24 09:36:51.430 INFO ensemble - get_predictions_paths: ['./predictions/individual_predictions\\ada_boost_test_predictions.pkl', './predictions/individual_predictions\\gradient_boosting_test_predictions.pkl', './predictions/individual_predictions\\kn_test_predictions.pkl', './predictions/individual_predictions\\lr_test_predictions.pkl', './predictions/individual_predictions\\nn_test_predictions.pkl', './predictions/individual_predictions\\svc_test_predictions.pkl']
2025-04-24 09:36:51.430 INFO ensemble - get_predictions_paths: []
2025-04-24 09:36:51.430 INFO ensemble - get_predictions_paths: []
2025-04-24 09:36:53.253 INFO Dataset - __init__: Creating Dataset object from <class 'pandas.core.frame.DataFrame'>
2025-04-24 09:36:53.289 INFO Dataset - drop_columns: Dropping columns ['Unnamed: 0', 'key', 'pat_age_yrs', 'sex'] from dataset
2025-04-24 09:36:53.474 INFO Dataset - rename_target: Renaming target column wbit_error to 'target'
2025-04-24 09:36:53.567 INFO Dataset - clean_missing: Cleaning missing data with threshold 0.15 and method delete
2025-04-24 09:36:54.675 INFO Dataset - clean_missing: Columns droped: ['mpv_delta', 'immature_granulocyte_automated_count_delta', 'absolute_immature_granulocyte_automated_count_delta', 'atypical_lymphocytes_manual_count_delta', 'bands_manual_count_delta', 'blasts_manual_count_delta', 'promyelocytes_manual_count_delta', 'myelocytes_manual_count_delta', 'metamyelocytes_manual_count_delta', 'other_cell_type_manual_count_delta', 'absolute_blasts_manual_count_delta', 'absolute_promyelocytes_manual_count_delta', 'absolute_myelocytes_manual_count_delta', 'absolute_metamyelocytes_manual_count_delta', 'absolute_other_cell_type_manual_count_delta', 'mpv_pct_delta', 'nrbc_per_100_wbcs_by_automated_count_pct_delta', 'immature_granulocyte_automated_count_pct_delta', 'eosinophils_count_pct_delta', 'basophils_count_pct_delta', 'absolute_immature_granulocyte_automated_count_pct_delta', 'absolute_eosinophils_count_pct_delta', 'absolute_basophils_count_pct_delta', 'atypical_lymphocytes_manual_count_pct_delta', 'bands_manual_count_pct_delta', 'blasts_manual_count_pct_delta', 'promyelocytes_manual_count_pct_delta', 'myelocytes_manual_count_pct_delta', 'metamyelocytes_manual_count_pct_delta', 'other_cell_type_manual_count_pct_delta', 'absolute_blasts_manual_count_pct_delta', 'absolute_promyelocytes_manual_count_pct_delta', 'absolute_myelocytes_manual_count_pct_delta', 'absolute_metamyelocytes_manual_count_pct_delta', 'absolute_other_cell_type_manual_count_pct_delta']
2025-04-24 09:36:54.676 INFO Dataset - standarize: Standarizing data with cols to ignore ['target']
2025-04-24 09:36:54.839 INFO Dataset - split_x_y: Splitting data into x and y
2025-04-24 09:36:54.870 INFO ensemble - load_data: saving model to ./predictions/val_labels.pkl
2025-04-24 09:36:54.873 INFO ensemble - load_data: saving model to ./predictions/test_labels.pkl
2025-04-24 09:36:55.101 INFO utils - save_prediction: saving model to ./predictions/individual_predictions/majority_vote_val_pred.pkl
2025-04-24 09:36:55.103 INFO utils - save_prediction: saving model to ./predictions/individual_predictions/majority_vote_test_pred.pkl
2025-04-24 09:36:55.143 INFO utils - get_metrics: majority vote validation accuracy: 0.9486
2025-04-24 09:36:55.144 INFO utils - get_metrics: majority vote validation f1: 0.9469
2025-04-24 09:36:55.144 INFO utils - get_metrics: majority vote validation recall: 0.9271
2025-04-24 09:36:55.144 INFO utils - get_metrics: majority vote validation precision: 0.9676
2025-04-24 09:36:55.147 INFO utils - get_metrics: majority vote validation confusion matrix 
 [[37850  1186]
 [ 2786 35431]]
2025-04-24 09:36:55.756 INFO utils - get_metrics: majority vote test accuracy: 0.9533
2025-04-24 09:36:55.756 INFO utils - get_metrics: majority vote test f1: 0.9524
2025-04-24 09:36:55.756 INFO utils - get_metrics: majority vote test recall: 0.9349
2025-04-24 09:36:55.756 INFO utils - get_metrics: majority vote test precision: 0.9706
2025-04-24 09:36:55.758 INFO utils - get_metrics: majority vote test confusion matrix 
 [[6629  193]
 [ 444 6376]]
2025-04-24 09:38:04.998 INFO ensemble - get_predictions_paths: ['./predictions/individual_predictions\\ada_boost_val_predictions.pkl', './predictions/individual_predictions\\gradient_boosting_val_predictions.pkl', './predictions/individual_predictions\\kn_val_predictions.pkl', './predictions/individual_predictions\\lr_val_predictions.pkl', './predictions/individual_predictions\\svc_val_predictions.pkl']
2025-04-24 09:38:04.999 INFO ensemble - get_predictions_paths: ['./predictions/individual_predictions\\ada_boost_test_predictions.pkl', './predictions/individual_predictions\\gradient_boosting_test_predictions.pkl', './predictions/individual_predictions\\kn_test_predictions.pkl', './predictions/individual_predictions\\lr_test_predictions.pkl', './predictions/individual_predictions\\nn_test_predictions.pkl', './predictions/individual_predictions\\svc_test_predictions.pkl']
2025-04-24 09:38:04.999 INFO ensemble - get_predictions_paths: []
2025-04-24 09:38:04.999 INFO ensemble - get_predictions_paths: []
2025-04-24 09:38:06.464 INFO Dataset - __init__: Creating Dataset object from <class 'pandas.core.frame.DataFrame'>
2025-04-24 09:38:06.502 INFO Dataset - drop_columns: Dropping columns ['Unnamed: 0', 'key', 'pat_age_yrs', 'sex'] from dataset
2025-04-24 09:38:06.674 INFO Dataset - rename_target: Renaming target column wbit_error to 'target'
2025-04-24 09:38:06.763 INFO Dataset - clean_missing: Cleaning missing data with threshold 0.15 and method delete
2025-04-24 09:38:07.944 INFO Dataset - clean_missing: Columns droped: ['mpv_delta', 'immature_granulocyte_automated_count_delta', 'absolute_immature_granulocyte_automated_count_delta', 'atypical_lymphocytes_manual_count_delta', 'bands_manual_count_delta', 'blasts_manual_count_delta', 'promyelocytes_manual_count_delta', 'myelocytes_manual_count_delta', 'metamyelocytes_manual_count_delta', 'other_cell_type_manual_count_delta', 'absolute_blasts_manual_count_delta', 'absolute_promyelocytes_manual_count_delta', 'absolute_myelocytes_manual_count_delta', 'absolute_metamyelocytes_manual_count_delta', 'absolute_other_cell_type_manual_count_delta', 'mpv_pct_delta', 'nrbc_per_100_wbcs_by_automated_count_pct_delta', 'immature_granulocyte_automated_count_pct_delta', 'eosinophils_count_pct_delta', 'basophils_count_pct_delta', 'absolute_immature_granulocyte_automated_count_pct_delta', 'absolute_eosinophils_count_pct_delta', 'absolute_basophils_count_pct_delta', 'atypical_lymphocytes_manual_count_pct_delta', 'bands_manual_count_pct_delta', 'blasts_manual_count_pct_delta', 'promyelocytes_manual_count_pct_delta', 'myelocytes_manual_count_pct_delta', 'metamyelocytes_manual_count_pct_delta', 'other_cell_type_manual_count_pct_delta', 'absolute_blasts_manual_count_pct_delta', 'absolute_promyelocytes_manual_count_pct_delta', 'absolute_myelocytes_manual_count_pct_delta', 'absolute_metamyelocytes_manual_count_pct_delta', 'absolute_other_cell_type_manual_count_pct_delta']
2025-04-24 09:38:07.944 INFO Dataset - standarize: Standarizing data with cols to ignore ['target']
2025-04-24 09:38:08.077 INFO Dataset - split_x_y: Splitting data into x and y
2025-04-24 09:38:08.113 INFO ensemble - load_data: saving model to ./predictions/val_labels.pkl
2025-04-24 09:38:08.116 INFO ensemble - load_data: saving model to ./predictions/test_labels.pkl
2025-04-24 09:38:08.165 INFO utils - save_prediction: saving model to ./predictions/individual_predictions/majority_vote_val_pred.pkl
2025-04-24 09:38:08.167 INFO utils - save_prediction: saving model to ./predictions/individual_predictions/majority_vote_test_pred.pkl
2025-04-24 09:38:08.217 INFO utils - get_metrics: majority vote validation accuracy: 0.9486
2025-04-24 09:38:08.217 INFO utils - get_metrics: majority vote validation f1: 0.9469
2025-04-24 09:38:08.218 INFO utils - get_metrics: majority vote validation recall: 0.9271
2025-04-24 09:38:08.218 INFO utils - get_metrics: majority vote validation precision: 0.9676
2025-04-24 09:38:08.221 INFO utils - get_metrics: majority vote validation confusion matrix 
 [[37850  1186]
 [ 2786 35431]]
2025-04-24 09:38:08.738 INFO utils - get_metrics: majority vote test accuracy: 0.9533
2025-04-24 09:38:08.738 INFO utils - get_metrics: majority vote test f1: 0.9524
2025-04-24 09:38:08.738 INFO utils - get_metrics: majority vote test recall: 0.9349
2025-04-24 09:38:08.738 INFO utils - get_metrics: majority vote test precision: 0.9706
2025-04-24 09:38:08.740 INFO utils - get_metrics: majority vote test confusion matrix 
 [[6629  193]
 [ 444 6376]]
2025-04-24 09:39:53.949 INFO ensemble - get_predictions_paths: ['./predictions/individual_predictions\\ada_boost_val_predictions.pkl', './predictions/individual_predictions\\gradient_boosting_val_predictions.pkl', './predictions/individual_predictions\\kn_val_predictions.pkl', './predictions/individual_predictions\\lr_val_predictions.pkl', './predictions/individual_predictions\\svc_val_predictions.pkl']
2025-04-24 09:39:53.950 INFO ensemble - get_predictions_paths: ['./predictions/individual_predictions\\ada_boost_test_predictions.pkl', './predictions/individual_predictions\\gradient_boosting_test_predictions.pkl', './predictions/individual_predictions\\kn_test_predictions.pkl', './predictions/individual_predictions\\lr_test_predictions.pkl', './predictions/individual_predictions\\nn_test_predictions.pkl', './predictions/individual_predictions\\svc_test_predictions.pkl']
2025-04-24 09:39:53.950 INFO ensemble - get_predictions_paths: []
2025-04-24 09:39:53.950 INFO ensemble - get_predictions_paths: []
2025-04-24 09:39:55.470 INFO Dataset - __init__: Creating Dataset object from <class 'pandas.core.frame.DataFrame'>
2025-04-24 09:39:55.495 INFO Dataset - drop_columns: Dropping columns ['Unnamed: 0', 'key', 'pat_age_yrs', 'sex'] from dataset
2025-04-24 09:39:55.688 INFO Dataset - rename_target: Renaming target column wbit_error to 'target'
2025-04-24 09:39:55.785 INFO Dataset - clean_missing: Cleaning missing data with threshold 0.15 and method delete
2025-04-24 09:39:57.034 INFO Dataset - clean_missing: Columns droped: ['mpv_delta', 'immature_granulocyte_automated_count_delta', 'absolute_immature_granulocyte_automated_count_delta', 'atypical_lymphocytes_manual_count_delta', 'bands_manual_count_delta', 'blasts_manual_count_delta', 'promyelocytes_manual_count_delta', 'myelocytes_manual_count_delta', 'metamyelocytes_manual_count_delta', 'other_cell_type_manual_count_delta', 'absolute_blasts_manual_count_delta', 'absolute_promyelocytes_manual_count_delta', 'absolute_myelocytes_manual_count_delta', 'absolute_metamyelocytes_manual_count_delta', 'absolute_other_cell_type_manual_count_delta', 'mpv_pct_delta', 'nrbc_per_100_wbcs_by_automated_count_pct_delta', 'immature_granulocyte_automated_count_pct_delta', 'eosinophils_count_pct_delta', 'basophils_count_pct_delta', 'absolute_immature_granulocyte_automated_count_pct_delta', 'absolute_eosinophils_count_pct_delta', 'absolute_basophils_count_pct_delta', 'atypical_lymphocytes_manual_count_pct_delta', 'bands_manual_count_pct_delta', 'blasts_manual_count_pct_delta', 'promyelocytes_manual_count_pct_delta', 'myelocytes_manual_count_pct_delta', 'metamyelocytes_manual_count_pct_delta', 'other_cell_type_manual_count_pct_delta', 'absolute_blasts_manual_count_pct_delta', 'absolute_promyelocytes_manual_count_pct_delta', 'absolute_myelocytes_manual_count_pct_delta', 'absolute_metamyelocytes_manual_count_pct_delta', 'absolute_other_cell_type_manual_count_pct_delta']
2025-04-24 09:39:57.034 INFO Dataset - standarize: Standarizing data with cols to ignore ['target']
2025-04-24 09:39:57.178 INFO Dataset - split_x_y: Splitting data into x and y
2025-04-24 09:39:57.217 INFO ensemble - load_data: saving model to ./predictions/val_labels.pkl
2025-04-24 09:39:57.219 INFO ensemble - load_data: saving model to ./predictions/test_labels.pkl
2025-04-24 09:39:57.256 INFO utils - save_prediction: saving model to ./predictions/individual_predictions/majority_vote_val_pred.pkl
2025-04-24 09:39:57.257 INFO utils - save_prediction: saving model to ./predictions/individual_predictions/majority_vote_test_pred.pkl
2025-04-24 09:39:57.282 INFO utils - get_metrics: majority vote validation accuracy: 0.9486
2025-04-24 09:39:57.282 INFO utils - get_metrics: majority vote validation f1: 0.9469
2025-04-24 09:39:57.282 INFO utils - get_metrics: majority vote validation recall: 0.9271
2025-04-24 09:39:57.282 INFO utils - get_metrics: majority vote validation precision: 0.9676
2025-04-24 09:39:57.286 INFO utils - get_metrics: majority vote validation confusion matrix 
 [[37850  1186]
 [ 2786 35431]]
2025-04-24 09:39:57.747 INFO utils - get_metrics: majority vote test accuracy: 0.9533
2025-04-24 09:39:57.747 INFO utils - get_metrics: majority vote test f1: 0.9524
2025-04-24 09:39:57.747 INFO utils - get_metrics: majority vote test recall: 0.9349
2025-04-24 09:39:57.747 INFO utils - get_metrics: majority vote test precision: 0.9706
2025-04-24 09:39:57.749 INFO utils - get_metrics: majority vote test confusion matrix 
 [[6629  193]
 [ 444 6376]]
2025-04-24 09:41:21.590 INFO ensemble - get_predictions_paths: ['./predictions/individual_predictions\\ada_boost_val_predictions.pkl', './predictions/individual_predictions\\gradient_boosting_val_predictions.pkl', './predictions/individual_predictions\\kn_val_predictions.pkl', './predictions/individual_predictions\\lr_val_predictions.pkl', './predictions/individual_predictions\\svc_val_predictions.pkl']
2025-04-24 09:41:21.591 INFO ensemble - get_predictions_paths: ['./predictions/individual_predictions\\ada_boost_test_predictions.pkl', './predictions/individual_predictions\\gradient_boosting_test_predictions.pkl', './predictions/individual_predictions\\kn_test_predictions.pkl', './predictions/individual_predictions\\lr_test_predictions.pkl', './predictions/individual_predictions\\nn_test_predictions.pkl', './predictions/individual_predictions\\svc_test_predictions.pkl']
2025-04-24 09:41:21.591 INFO ensemble - get_predictions_paths: []
2025-04-24 09:41:21.591 INFO ensemble - get_predictions_paths: []
2025-04-24 09:41:23.007 INFO Dataset - __init__: Creating Dataset object from <class 'pandas.core.frame.DataFrame'>
2025-04-24 09:41:23.034 INFO Dataset - drop_columns: Dropping columns ['Unnamed: 0', 'key', 'pat_age_yrs', 'sex'] from dataset
2025-04-24 09:41:23.176 INFO Dataset - rename_target: Renaming target column wbit_error to 'target'
2025-04-24 09:41:23.263 INFO Dataset - clean_missing: Cleaning missing data with threshold 0.15 and method delete
2025-04-24 09:41:24.303 INFO Dataset - clean_missing: Columns droped: ['mpv_delta', 'immature_granulocyte_automated_count_delta', 'absolute_immature_granulocyte_automated_count_delta', 'atypical_lymphocytes_manual_count_delta', 'bands_manual_count_delta', 'blasts_manual_count_delta', 'promyelocytes_manual_count_delta', 'myelocytes_manual_count_delta', 'metamyelocytes_manual_count_delta', 'other_cell_type_manual_count_delta', 'absolute_blasts_manual_count_delta', 'absolute_promyelocytes_manual_count_delta', 'absolute_myelocytes_manual_count_delta', 'absolute_metamyelocytes_manual_count_delta', 'absolute_other_cell_type_manual_count_delta', 'mpv_pct_delta', 'nrbc_per_100_wbcs_by_automated_count_pct_delta', 'immature_granulocyte_automated_count_pct_delta', 'eosinophils_count_pct_delta', 'basophils_count_pct_delta', 'absolute_immature_granulocyte_automated_count_pct_delta', 'absolute_eosinophils_count_pct_delta', 'absolute_basophils_count_pct_delta', 'atypical_lymphocytes_manual_count_pct_delta', 'bands_manual_count_pct_delta', 'blasts_manual_count_pct_delta', 'promyelocytes_manual_count_pct_delta', 'myelocytes_manual_count_pct_delta', 'metamyelocytes_manual_count_pct_delta', 'other_cell_type_manual_count_pct_delta', 'absolute_blasts_manual_count_pct_delta', 'absolute_promyelocytes_manual_count_pct_delta', 'absolute_myelocytes_manual_count_pct_delta', 'absolute_metamyelocytes_manual_count_pct_delta', 'absolute_other_cell_type_manual_count_pct_delta']
2025-04-24 09:41:24.303 INFO Dataset - standarize: Standarizing data with cols to ignore ['target']
2025-04-24 09:41:24.508 INFO Dataset - split_x_y: Splitting data into x and y
2025-04-24 09:41:24.585 INFO utils - save_prediction: saving model to ./predictions/individual_predictions/majority_vote_val_pred.pkl
2025-04-24 09:41:24.587 INFO utils - save_prediction: saving model to ./predictions/individual_predictions/majority_vote_test_pred.pkl
2025-04-24 09:41:24.644 INFO utils - get_metrics: majority vote validation accuracy: 0.9486
2025-04-24 09:41:24.644 INFO utils - get_metrics: majority vote validation f1: 0.9469
2025-04-24 09:41:24.644 INFO utils - get_metrics: majority vote validation recall: 0.9271
2025-04-24 09:41:24.644 INFO utils - get_metrics: majority vote validation precision: 0.9676
2025-04-24 09:41:24.650 INFO utils - get_metrics: majority vote validation confusion matrix 
 [[37850  1186]
 [ 2786 35431]]
2025-04-24 09:41:25.138 INFO utils - get_metrics: majority vote test accuracy: 0.9533
2025-04-24 09:41:25.138 INFO utils - get_metrics: majority vote test f1: 0.9524
2025-04-24 09:41:25.138 INFO utils - get_metrics: majority vote test recall: 0.9349
2025-04-24 09:41:25.138 INFO utils - get_metrics: majority vote test precision: 0.9706
2025-04-24 09:41:25.140 INFO utils - get_metrics: majority vote test confusion matrix 
 [[6629  193]
 [ 444 6376]]
2025-04-24 09:45:52.698 INFO ensemble - get_predictions_paths: ['./predictions/individual_predictions\\ada_boost_val_predictions.pkl', './predictions/individual_predictions\\gradient_boosting_val_predictions.pkl', './predictions/individual_predictions\\kn_val_predictions.pkl', './predictions/individual_predictions\\lr_val_predictions.pkl', './predictions/individual_predictions\\svc_val_predictions.pkl']
2025-04-24 09:45:52.698 INFO ensemble - get_predictions_paths: ['./predictions/individual_predictions\\ada_boost_test_predictions.pkl', './predictions/individual_predictions\\gradient_boosting_test_predictions.pkl', './predictions/individual_predictions\\kn_test_predictions.pkl', './predictions/individual_predictions\\lr_test_predictions.pkl', './predictions/individual_predictions\\nn_test_predictions.pkl', './predictions/individual_predictions\\svc_test_predictions.pkl']
2025-04-24 09:45:52.698 INFO ensemble - get_predictions_paths: []
2025-04-24 09:45:52.699 INFO ensemble - get_predictions_paths: []
2025-04-24 09:45:53.558 INFO Dataset - __init__: Creating Dataset object from <class 'pandas.core.frame.DataFrame'>
2025-04-24 09:45:53.578 INFO Dataset - drop_columns: Dropping columns ['Unnamed: 0', 'key', 'pat_age_yrs', 'sex'] from dataset
2025-04-24 09:45:53.692 INFO Dataset - rename_target: Renaming target column wbit_error to 'target'
2025-04-24 09:45:53.760 INFO Dataset - clean_missing: Cleaning missing data with threshold 0.15 and method delete
2025-04-24 09:45:54.635 INFO Dataset - clean_missing: Columns droped: ['mpv_delta', 'immature_granulocyte_automated_count_delta', 'absolute_immature_granulocyte_automated_count_delta', 'atypical_lymphocytes_manual_count_delta', 'bands_manual_count_delta', 'blasts_manual_count_delta', 'promyelocytes_manual_count_delta', 'myelocytes_manual_count_delta', 'metamyelocytes_manual_count_delta', 'other_cell_type_manual_count_delta', 'absolute_blasts_manual_count_delta', 'absolute_promyelocytes_manual_count_delta', 'absolute_myelocytes_manual_count_delta', 'absolute_metamyelocytes_manual_count_delta', 'absolute_other_cell_type_manual_count_delta', 'mpv_pct_delta', 'nrbc_per_100_wbcs_by_automated_count_pct_delta', 'immature_granulocyte_automated_count_pct_delta', 'eosinophils_count_pct_delta', 'basophils_count_pct_delta', 'absolute_immature_granulocyte_automated_count_pct_delta', 'absolute_eosinophils_count_pct_delta', 'absolute_basophils_count_pct_delta', 'atypical_lymphocytes_manual_count_pct_delta', 'bands_manual_count_pct_delta', 'blasts_manual_count_pct_delta', 'promyelocytes_manual_count_pct_delta', 'myelocytes_manual_count_pct_delta', 'metamyelocytes_manual_count_pct_delta', 'other_cell_type_manual_count_pct_delta', 'absolute_blasts_manual_count_pct_delta', 'absolute_promyelocytes_manual_count_pct_delta', 'absolute_myelocytes_manual_count_pct_delta', 'absolute_metamyelocytes_manual_count_pct_delta', 'absolute_other_cell_type_manual_count_pct_delta']
2025-04-24 09:45:54.636 INFO Dataset - standarize: Standarizing data with cols to ignore ['target']
2025-04-24 09:45:54.735 INFO Dataset - split_x_y: Splitting data into x and y
2025-04-24 09:45:54.786 INFO utils - save_prediction: saving model to ./predictions/individual_predictions/majority_vote_val_pred.pkl
2025-04-24 09:45:54.788 INFO utils - save_prediction: saving model to ./predictions/individual_predictions/majority_vote_test_pred.pkl
2025-04-24 09:45:54.815 INFO utils - get_metrics: majority vote validation accuracy: 0.9486
2025-04-24 09:45:54.815 INFO utils - get_metrics: majority vote validation f1: 0.9469
2025-04-24 09:45:54.815 INFO utils - get_metrics: majority vote validation recall: 0.9271
2025-04-24 09:45:54.815 INFO utils - get_metrics: majority vote validation precision: 0.9676
2025-04-24 09:45:54.819 INFO utils - get_metrics: majority vote validation confusion matrix 
 [[37850  1186]
 [ 2786 35431]]
2025-04-24 09:45:55.218 INFO utils - get_metrics: majority vote test accuracy: 0.9533
2025-04-24 09:45:55.218 INFO utils - get_metrics: majority vote test f1: 0.9524
2025-04-24 09:45:55.218 INFO utils - get_metrics: majority vote test recall: 0.9349
2025-04-24 09:45:55.218 INFO utils - get_metrics: majority vote test precision: 0.9706
2025-04-24 09:45:55.219 INFO utils - get_metrics: majority vote test confusion matrix 
 [[6629  193]
 [ 444 6376]]
2025-04-24 09:47:29.983 INFO ensemble - get_predictions_paths: ['./predictions/individual_predictions\\ada_boost_val_predictions.pkl', './predictions/individual_predictions\\gradient_boosting_val_predictions.pkl', './predictions/individual_predictions\\kn_val_predictions.pkl', './predictions/individual_predictions\\lr_val_predictions.pkl', './predictions/individual_predictions\\svc_val_predictions.pkl']
2025-04-24 09:47:29.983 INFO ensemble - get_predictions_paths: ['./predictions/individual_predictions\\ada_boost_test_predictions.pkl', './predictions/individual_predictions\\gradient_boosting_test_predictions.pkl', './predictions/individual_predictions\\kn_test_predictions.pkl', './predictions/individual_predictions\\lr_test_predictions.pkl', './predictions/individual_predictions\\nn_test_predictions.pkl', './predictions/individual_predictions\\svc_test_predictions.pkl']
2025-04-24 09:47:29.983 INFO ensemble - get_predictions_paths: []
2025-04-24 09:47:29.983 INFO ensemble - get_predictions_paths: []
2025-04-24 09:47:30.971 INFO Dataset - __init__: Creating Dataset object from <class 'pandas.core.frame.DataFrame'>
2025-04-24 09:47:30.990 INFO Dataset - drop_columns: Dropping columns ['Unnamed: 0', 'key', 'pat_age_yrs', 'sex'] from dataset
2025-04-24 09:47:31.100 INFO Dataset - rename_target: Renaming target column wbit_error to 'target'
2025-04-24 09:47:31.174 INFO Dataset - clean_missing: Cleaning missing data with threshold 0.15 and method delete
2025-04-24 09:47:32.270 INFO Dataset - clean_missing: Columns droped: ['mpv_delta', 'immature_granulocyte_automated_count_delta', 'absolute_immature_granulocyte_automated_count_delta', 'atypical_lymphocytes_manual_count_delta', 'bands_manual_count_delta', 'blasts_manual_count_delta', 'promyelocytes_manual_count_delta', 'myelocytes_manual_count_delta', 'metamyelocytes_manual_count_delta', 'other_cell_type_manual_count_delta', 'absolute_blasts_manual_count_delta', 'absolute_promyelocytes_manual_count_delta', 'absolute_myelocytes_manual_count_delta', 'absolute_metamyelocytes_manual_count_delta', 'absolute_other_cell_type_manual_count_delta', 'mpv_pct_delta', 'nrbc_per_100_wbcs_by_automated_count_pct_delta', 'immature_granulocyte_automated_count_pct_delta', 'eosinophils_count_pct_delta', 'basophils_count_pct_delta', 'absolute_immature_granulocyte_automated_count_pct_delta', 'absolute_eosinophils_count_pct_delta', 'absolute_basophils_count_pct_delta', 'atypical_lymphocytes_manual_count_pct_delta', 'bands_manual_count_pct_delta', 'blasts_manual_count_pct_delta', 'promyelocytes_manual_count_pct_delta', 'myelocytes_manual_count_pct_delta', 'metamyelocytes_manual_count_pct_delta', 'other_cell_type_manual_count_pct_delta', 'absolute_blasts_manual_count_pct_delta', 'absolute_promyelocytes_manual_count_pct_delta', 'absolute_myelocytes_manual_count_pct_delta', 'absolute_metamyelocytes_manual_count_pct_delta', 'absolute_other_cell_type_manual_count_pct_delta']
2025-04-24 09:47:32.271 INFO Dataset - standarize: Standarizing data with cols to ignore ['target']
2025-04-24 09:47:32.372 INFO Dataset - split_x_y: Splitting data into x and y
2025-04-24 09:47:32.428 INFO utils - save_prediction: saving model to ./predictions/individual_predictions/majority_vote_val_pred.pkl
2025-04-24 09:47:32.429 INFO utils - save_prediction: saving model to ./predictions/individual_predictions/majority_vote_test_pred.pkl
2025-04-24 09:47:32.455 INFO utils - get_metrics: majority vote validation accuracy: 0.9486
2025-04-24 09:47:32.456 INFO utils - get_metrics: majority vote validation f1: 0.9469
2025-04-24 09:47:32.456 INFO utils - get_metrics: majority vote validation recall: 0.9271
2025-04-24 09:47:32.456 INFO utils - get_metrics: majority vote validation precision: 0.9676
2025-04-24 09:47:32.459 INFO utils - get_metrics: majority vote validation confusion matrix 
 [[37850  1186]
 [ 2786 35431]]
2025-04-24 09:47:32.851 INFO utils - get_metrics: majority vote test accuracy: 0.9533
2025-04-24 09:47:32.851 INFO utils - get_metrics: majority vote test f1: 0.9524
2025-04-24 09:47:32.851 INFO utils - get_metrics: majority vote test recall: 0.9349
2025-04-24 09:47:32.851 INFO utils - get_metrics: majority vote test precision: 0.9706
2025-04-24 09:47:32.853 INFO utils - get_metrics: majority vote test confusion matrix 
 [[6629  193]
 [ 444 6376]]
2025-04-24 09:49:16.074 INFO ensemble - get_predictions_paths: ['./predictions/individual_predictions\\ada_boost_val_predictions.pkl', './predictions/individual_predictions\\gradient_boosting_val_predictions.pkl', './predictions/individual_predictions\\kn_val_predictions.pkl', './predictions/individual_predictions\\lr_val_predictions.pkl', './predictions/individual_predictions\\svc_val_predictions.pkl']
2025-04-24 09:49:16.074 INFO ensemble - get_predictions_paths: ['./predictions/individual_predictions\\ada_boost_test_predictions.pkl', './predictions/individual_predictions\\gradient_boosting_test_predictions.pkl', './predictions/individual_predictions\\kn_test_predictions.pkl', './predictions/individual_predictions\\lr_test_predictions.pkl', './predictions/individual_predictions\\nn_test_predictions.pkl', './predictions/individual_predictions\\svc_test_predictions.pkl']
2025-04-24 09:49:16.074 INFO ensemble - get_predictions_paths: []
2025-04-24 09:49:16.074 INFO ensemble - get_predictions_paths: []
2025-04-24 09:49:17.056 INFO Dataset - __init__: Creating Dataset object from <class 'pandas.core.frame.DataFrame'>
2025-04-24 09:49:17.077 INFO Dataset - drop_columns: Dropping columns ['Unnamed: 0', 'key', 'pat_age_yrs', 'sex'] from dataset
2025-04-24 09:49:17.207 INFO Dataset - rename_target: Renaming target column wbit_error to 'target'
2025-04-24 09:49:17.269 INFO Dataset - clean_missing: Cleaning missing data with threshold 0.15 and method delete
2025-04-24 09:49:18.116 INFO Dataset - clean_missing: Columns droped: ['mpv_delta', 'immature_granulocyte_automated_count_delta', 'absolute_immature_granulocyte_automated_count_delta', 'atypical_lymphocytes_manual_count_delta', 'bands_manual_count_delta', 'blasts_manual_count_delta', 'promyelocytes_manual_count_delta', 'myelocytes_manual_count_delta', 'metamyelocytes_manual_count_delta', 'other_cell_type_manual_count_delta', 'absolute_blasts_manual_count_delta', 'absolute_promyelocytes_manual_count_delta', 'absolute_myelocytes_manual_count_delta', 'absolute_metamyelocytes_manual_count_delta', 'absolute_other_cell_type_manual_count_delta', 'mpv_pct_delta', 'nrbc_per_100_wbcs_by_automated_count_pct_delta', 'immature_granulocyte_automated_count_pct_delta', 'eosinophils_count_pct_delta', 'basophils_count_pct_delta', 'absolute_immature_granulocyte_automated_count_pct_delta', 'absolute_eosinophils_count_pct_delta', 'absolute_basophils_count_pct_delta', 'atypical_lymphocytes_manual_count_pct_delta', 'bands_manual_count_pct_delta', 'blasts_manual_count_pct_delta', 'promyelocytes_manual_count_pct_delta', 'myelocytes_manual_count_pct_delta', 'metamyelocytes_manual_count_pct_delta', 'other_cell_type_manual_count_pct_delta', 'absolute_blasts_manual_count_pct_delta', 'absolute_promyelocytes_manual_count_pct_delta', 'absolute_myelocytes_manual_count_pct_delta', 'absolute_metamyelocytes_manual_count_pct_delta', 'absolute_other_cell_type_manual_count_pct_delta']
2025-04-24 09:49:18.117 INFO Dataset - standarize: Standarizing data with cols to ignore ['target']
2025-04-24 09:49:18.232 INFO Dataset - split_x_y: Splitting data into x and y
2025-04-24 09:49:18.292 INFO utils - save_prediction: saving model to ./predictions/individual_predictions/majority_vote_val_pred.pkl
2025-04-24 09:49:18.294 INFO utils - save_prediction: saving model to ./predictions/individual_predictions/majority_vote_test_pred.pkl
2025-04-24 09:49:18.326 INFO utils - get_metrics: majority vote validation accuracy: 0.9486
2025-04-24 09:49:18.326 INFO utils - get_metrics: majority vote validation f1: 0.9469
2025-04-24 09:49:18.326 INFO utils - get_metrics: majority vote validation recall: 0.9271
2025-04-24 09:49:18.326 INFO utils - get_metrics: majority vote validation precision: 0.9676
2025-04-24 09:49:18.330 INFO utils - get_metrics: majority vote validation confusion matrix 
 [[37850  1186]
 [ 2786 35431]]
2025-04-24 09:49:18.798 INFO utils - get_metrics: majority vote test accuracy: 0.9533
2025-04-24 09:49:18.798 INFO utils - get_metrics: majority vote test f1: 0.9524
2025-04-24 09:49:18.798 INFO utils - get_metrics: majority vote test recall: 0.9349
2025-04-24 09:49:18.798 INFO utils - get_metrics: majority vote test precision: 0.9706
2025-04-24 09:49:18.800 INFO utils - get_metrics: majority vote test confusion matrix 
 [[6629  193]
 [ 444 6376]]
2025-04-24 09:49:54.411 INFO ensemble - get_predictions_paths: ['./predictions/individual_predictions\\ada_boost_val_predictions.pkl', './predictions/individual_predictions\\gradient_boosting_val_predictions.pkl', './predictions/individual_predictions\\kn_val_predictions.pkl', './predictions/individual_predictions\\lr_val_predictions.pkl', './predictions/individual_predictions\\svc_val_predictions.pkl']
2025-04-24 09:49:54.411 INFO ensemble - get_predictions_paths: ['./predictions/individual_predictions\\ada_boost_test_predictions.pkl', './predictions/individual_predictions\\gradient_boosting_test_predictions.pkl', './predictions/individual_predictions\\kn_test_predictions.pkl', './predictions/individual_predictions\\lr_test_predictions.pkl', './predictions/individual_predictions\\nn_test_predictions.pkl', './predictions/individual_predictions\\svc_test_predictions.pkl']
2025-04-24 09:49:54.412 INFO ensemble - get_predictions_paths: []
2025-04-24 09:49:54.412 INFO ensemble - get_predictions_paths: []
2025-04-24 09:49:55.355 INFO Dataset - __init__: Creating Dataset object from <class 'pandas.core.frame.DataFrame'>
2025-04-24 09:49:55.379 INFO Dataset - drop_columns: Dropping columns ['Unnamed: 0', 'key', 'pat_age_yrs', 'sex'] from dataset
2025-04-24 09:49:55.517 INFO Dataset - rename_target: Renaming target column wbit_error to 'target'
2025-04-24 09:49:55.582 INFO Dataset - clean_missing: Cleaning missing data with threshold 0.15 and method delete
2025-04-24 09:49:56.647 INFO Dataset - clean_missing: Columns droped: ['mpv_delta', 'immature_granulocyte_automated_count_delta', 'absolute_immature_granulocyte_automated_count_delta', 'atypical_lymphocytes_manual_count_delta', 'bands_manual_count_delta', 'blasts_manual_count_delta', 'promyelocytes_manual_count_delta', 'myelocytes_manual_count_delta', 'metamyelocytes_manual_count_delta', 'other_cell_type_manual_count_delta', 'absolute_blasts_manual_count_delta', 'absolute_promyelocytes_manual_count_delta', 'absolute_myelocytes_manual_count_delta', 'absolute_metamyelocytes_manual_count_delta', 'absolute_other_cell_type_manual_count_delta', 'mpv_pct_delta', 'nrbc_per_100_wbcs_by_automated_count_pct_delta', 'immature_granulocyte_automated_count_pct_delta', 'eosinophils_count_pct_delta', 'basophils_count_pct_delta', 'absolute_immature_granulocyte_automated_count_pct_delta', 'absolute_eosinophils_count_pct_delta', 'absolute_basophils_count_pct_delta', 'atypical_lymphocytes_manual_count_pct_delta', 'bands_manual_count_pct_delta', 'blasts_manual_count_pct_delta', 'promyelocytes_manual_count_pct_delta', 'myelocytes_manual_count_pct_delta', 'metamyelocytes_manual_count_pct_delta', 'other_cell_type_manual_count_pct_delta', 'absolute_blasts_manual_count_pct_delta', 'absolute_promyelocytes_manual_count_pct_delta', 'absolute_myelocytes_manual_count_pct_delta', 'absolute_metamyelocytes_manual_count_pct_delta', 'absolute_other_cell_type_manual_count_pct_delta']
2025-04-24 09:49:56.647 INFO Dataset - standarize: Standarizing data with cols to ignore ['target']
2025-04-24 09:49:56.768 INFO Dataset - split_x_y: Splitting data into x and y
2025-04-24 09:49:56.852 INFO utils - save_prediction: saving model to ./predictions/individual_predictions/majority_vote_val_pred.pkl
2025-04-24 09:49:56.855 INFO utils - save_prediction: saving model to ./predictions/individual_predictions/majority_vote_test_pred.pkl
2025-04-24 09:49:56.893 INFO utils - get_metrics: majority vote validation accuracy: 0.9486
2025-04-24 09:49:56.893 INFO utils - get_metrics: majority vote validation f1: 0.9469
2025-04-24 09:49:56.893 INFO utils - get_metrics: majority vote validation recall: 0.9271
2025-04-24 09:49:56.893 INFO utils - get_metrics: majority vote validation precision: 0.9676
2025-04-24 09:49:56.897 INFO utils - get_metrics: majority vote validation confusion matrix 
 [[37850  1186]
 [ 2786 35431]]
2025-04-24 09:49:57.464 INFO utils - get_metrics: majority vote test accuracy: 0.9533
2025-04-24 09:49:57.464 INFO utils - get_metrics: majority vote test f1: 0.9524
2025-04-24 09:49:57.464 INFO utils - get_metrics: majority vote test recall: 0.9349
2025-04-24 09:49:57.464 INFO utils - get_metrics: majority vote test precision: 0.9706
2025-04-24 09:49:57.466 INFO utils - get_metrics: majority vote test confusion matrix 
 [[6629  193]
 [ 444 6376]]
2025-04-24 09:50:42.248 INFO ensemble - get_predictions_paths: ['./predictions/individual_predictions\\ada_boost_val_predictions.pkl', './predictions/individual_predictions\\gradient_boosting_val_predictions.pkl', './predictions/individual_predictions\\kn_val_predictions.pkl', './predictions/individual_predictions\\lr_val_predictions.pkl', './predictions/individual_predictions\\svc_val_predictions.pkl']
2025-04-24 09:50:42.248 INFO ensemble - get_predictions_paths: ['./predictions/individual_predictions\\ada_boost_test_predictions.pkl', './predictions/individual_predictions\\gradient_boosting_test_predictions.pkl', './predictions/individual_predictions\\kn_test_predictions.pkl', './predictions/individual_predictions\\lr_test_predictions.pkl', './predictions/individual_predictions\\nn_test_predictions.pkl', './predictions/individual_predictions\\svc_test_predictions.pkl']
2025-04-24 09:50:42.248 INFO ensemble - get_predictions_paths: []
2025-04-24 09:50:42.248 INFO ensemble - get_predictions_paths: []
2025-04-24 09:50:43.553 INFO Dataset - __init__: Creating Dataset object from <class 'pandas.core.frame.DataFrame'>
2025-04-24 09:50:43.573 INFO Dataset - drop_columns: Dropping columns ['Unnamed: 0', 'key', 'pat_age_yrs', 'sex'] from dataset
2025-04-24 09:50:43.693 INFO Dataset - rename_target: Renaming target column wbit_error to 'target'
2025-04-24 09:50:43.761 INFO Dataset - clean_missing: Cleaning missing data with threshold 0.15 and method delete
2025-04-24 09:50:44.579 INFO Dataset - clean_missing: Columns droped: ['mpv_delta', 'immature_granulocyte_automated_count_delta', 'absolute_immature_granulocyte_automated_count_delta', 'atypical_lymphocytes_manual_count_delta', 'bands_manual_count_delta', 'blasts_manual_count_delta', 'promyelocytes_manual_count_delta', 'myelocytes_manual_count_delta', 'metamyelocytes_manual_count_delta', 'other_cell_type_manual_count_delta', 'absolute_blasts_manual_count_delta', 'absolute_promyelocytes_manual_count_delta', 'absolute_myelocytes_manual_count_delta', 'absolute_metamyelocytes_manual_count_delta', 'absolute_other_cell_type_manual_count_delta', 'mpv_pct_delta', 'nrbc_per_100_wbcs_by_automated_count_pct_delta', 'immature_granulocyte_automated_count_pct_delta', 'eosinophils_count_pct_delta', 'basophils_count_pct_delta', 'absolute_immature_granulocyte_automated_count_pct_delta', 'absolute_eosinophils_count_pct_delta', 'absolute_basophils_count_pct_delta', 'atypical_lymphocytes_manual_count_pct_delta', 'bands_manual_count_pct_delta', 'blasts_manual_count_pct_delta', 'promyelocytes_manual_count_pct_delta', 'myelocytes_manual_count_pct_delta', 'metamyelocytes_manual_count_pct_delta', 'other_cell_type_manual_count_pct_delta', 'absolute_blasts_manual_count_pct_delta', 'absolute_promyelocytes_manual_count_pct_delta', 'absolute_myelocytes_manual_count_pct_delta', 'absolute_metamyelocytes_manual_count_pct_delta', 'absolute_other_cell_type_manual_count_pct_delta']
2025-04-24 09:50:44.580 INFO Dataset - standarize: Standarizing data with cols to ignore ['target']
2025-04-24 09:50:44.671 INFO Dataset - split_x_y: Splitting data into x and y
2025-04-24 09:50:44.721 INFO utils - save_prediction: saving model to ./predictions/individual_predictions/majority_vote_val_pred.pkl
2025-04-24 09:50:44.722 INFO utils - save_prediction: saving model to ./predictions/individual_predictions/majority_vote_test_pred.pkl
2025-04-24 09:50:44.744 INFO utils - get_metrics: majority vote validation accuracy: 0.9486
2025-04-24 09:50:44.744 INFO utils - get_metrics: majority vote validation f1: 0.9469
2025-04-24 09:50:44.744 INFO utils - get_metrics: majority vote validation recall: 0.9271
2025-04-24 09:50:44.744 INFO utils - get_metrics: majority vote validation precision: 0.9676
2025-04-24 09:50:44.747 INFO utils - get_metrics: majority vote validation confusion matrix 
 [[37850  1186]
 [ 2786 35431]]
2025-04-24 09:50:45.087 INFO utils - get_metrics: majority vote test accuracy: 0.9533
2025-04-24 09:50:45.087 INFO utils - get_metrics: majority vote test f1: 0.9524
2025-04-24 09:50:45.087 INFO utils - get_metrics: majority vote test recall: 0.9349
2025-04-24 09:50:45.087 INFO utils - get_metrics: majority vote test precision: 0.9706
2025-04-24 09:50:45.089 INFO utils - get_metrics: majority vote test confusion matrix 
 [[6629  193]
 [ 444 6376]]
2025-04-24 09:54:04.824 INFO ensemble - get_predictions_paths: ['./predictions/individual_predictions\\ada_boost_val_predictions.pkl', './predictions/individual_predictions\\gradient_boosting_val_predictions.pkl', './predictions/individual_predictions\\kn_val_predictions.pkl', './predictions/individual_predictions\\lr_val_predictions.pkl', './predictions/individual_predictions\\svc_val_predictions.pkl']
2025-04-24 09:54:04.825 INFO ensemble - get_predictions_paths: ['./predictions/individual_predictions\\ada_boost_test_predictions.pkl', './predictions/individual_predictions\\gradient_boosting_test_predictions.pkl', './predictions/individual_predictions\\kn_test_predictions.pkl', './predictions/individual_predictions\\lr_test_predictions.pkl', './predictions/individual_predictions\\nn_test_predictions.pkl', './predictions/individual_predictions\\svc_test_predictions.pkl']
2025-04-24 09:54:04.825 INFO ensemble - get_predictions_paths: []
2025-04-24 09:54:04.825 INFO ensemble - get_predictions_paths: []
2025-04-24 09:54:06.132 INFO Dataset - __init__: Creating Dataset object from <class 'pandas.core.frame.DataFrame'>
2025-04-24 09:54:06.152 INFO Dataset - drop_columns: Dropping columns ['Unnamed: 0', 'key', 'pat_age_yrs', 'sex'] from dataset
2025-04-24 09:54:06.286 INFO Dataset - rename_target: Renaming target column wbit_error to 'target'
2025-04-24 09:54:06.377 INFO Dataset - clean_missing: Cleaning missing data with threshold 0.15 and method delete
2025-04-24 09:54:07.435 INFO Dataset - clean_missing: Columns droped: ['mpv_delta', 'immature_granulocyte_automated_count_delta', 'absolute_immature_granulocyte_automated_count_delta', 'atypical_lymphocytes_manual_count_delta', 'bands_manual_count_delta', 'blasts_manual_count_delta', 'promyelocytes_manual_count_delta', 'myelocytes_manual_count_delta', 'metamyelocytes_manual_count_delta', 'other_cell_type_manual_count_delta', 'absolute_blasts_manual_count_delta', 'absolute_promyelocytes_manual_count_delta', 'absolute_myelocytes_manual_count_delta', 'absolute_metamyelocytes_manual_count_delta', 'absolute_other_cell_type_manual_count_delta', 'mpv_pct_delta', 'nrbc_per_100_wbcs_by_automated_count_pct_delta', 'immature_granulocyte_automated_count_pct_delta', 'eosinophils_count_pct_delta', 'basophils_count_pct_delta', 'absolute_immature_granulocyte_automated_count_pct_delta', 'absolute_eosinophils_count_pct_delta', 'absolute_basophils_count_pct_delta', 'atypical_lymphocytes_manual_count_pct_delta', 'bands_manual_count_pct_delta', 'blasts_manual_count_pct_delta', 'promyelocytes_manual_count_pct_delta', 'myelocytes_manual_count_pct_delta', 'metamyelocytes_manual_count_pct_delta', 'other_cell_type_manual_count_pct_delta', 'absolute_blasts_manual_count_pct_delta', 'absolute_promyelocytes_manual_count_pct_delta', 'absolute_myelocytes_manual_count_pct_delta', 'absolute_metamyelocytes_manual_count_pct_delta', 'absolute_other_cell_type_manual_count_pct_delta']
2025-04-24 09:54:07.435 INFO Dataset - standarize: Standarizing data with cols to ignore ['target']
2025-04-24 09:54:07.564 INFO Dataset - split_x_y: Splitting data into x and y
2025-04-24 09:54:07.620 INFO utils - save_prediction: saving model to ./predictions/individual_predictions/majority_vote_val_pred.pkl
2025-04-24 09:54:07.621 INFO utils - save_prediction: saving model to ./predictions/individual_predictions/majority_vote_test_pred.pkl
2025-04-24 09:54:07.644 INFO utils - get_metrics: majority vote validation accuracy: 0.9486
2025-04-24 09:54:07.644 INFO utils - get_metrics: majority vote validation f1: 0.9469
2025-04-24 09:54:07.644 INFO utils - get_metrics: majority vote validation recall: 0.9271
2025-04-24 09:54:07.644 INFO utils - get_metrics: majority vote validation precision: 0.9676
2025-04-24 09:54:07.647 INFO utils - get_metrics: majority vote validation confusion matrix 
 [[37850  1186]
 [ 2786 35431]]
2025-04-24 09:54:08.196 INFO utils - get_metrics: majority vote test accuracy: 0.9533
2025-04-24 09:54:08.196 INFO utils - get_metrics: majority vote test f1: 0.9524
2025-04-24 09:54:08.196 INFO utils - get_metrics: majority vote test recall: 0.9349
2025-04-24 09:54:08.196 INFO utils - get_metrics: majority vote test precision: 0.9706
2025-04-24 09:54:08.198 INFO utils - get_metrics: majority vote test confusion matrix 
 [[6629  193]
 [ 444 6376]]
2025-04-24 11:01:25.527 INFO ensemble - get_predictions_paths: ['./predictions/individual_predictions\\ada_boost_val_predictions.pkl', './predictions/individual_predictions\\gradient_boosting_val_predictions.pkl', './predictions/individual_predictions\\kn_val_predictions.pkl', './predictions/individual_predictions\\lr_val_predictions.pkl', './predictions/individual_predictions\\nn_val_predictions.pkl', './predictions/individual_predictions\\svc_val_predictions.pkl']
2025-04-24 11:01:25.527 INFO ensemble - get_predictions_paths: ['./predictions/individual_predictions\\ada_boost_test_predictions.pkl', './predictions/individual_predictions\\gradient_boosting_test_predictions.pkl', './predictions/individual_predictions\\kn_test_predictions.pkl', './predictions/individual_predictions\\lr_test_predictions.pkl', './predictions/individual_predictions\\nn_test_predictions.pkl', './predictions/individual_predictions\\svc_test_predictions.pkl']
2025-04-24 11:01:25.527 INFO ensemble - get_predictions_paths: []
2025-04-24 11:01:25.527 INFO ensemble - get_predictions_paths: []
2025-04-24 11:01:26.880 INFO Dataset - __init__: Creating Dataset object from <class 'pandas.core.frame.DataFrame'>
2025-04-24 11:01:26.904 INFO Dataset - drop_columns: Dropping columns ['Unnamed: 0', 'key', 'pat_age_yrs', 'sex'] from dataset
2025-04-24 11:01:27.023 INFO Dataset - rename_target: Renaming target column wbit_error to 'target'
2025-04-24 11:01:27.096 INFO Dataset - clean_missing: Cleaning missing data with threshold 0.15 and method delete
2025-04-24 11:01:27.932 INFO Dataset - clean_missing: Columns droped: ['mpv_delta', 'immature_granulocyte_automated_count_delta', 'absolute_immature_granulocyte_automated_count_delta', 'atypical_lymphocytes_manual_count_delta', 'bands_manual_count_delta', 'blasts_manual_count_delta', 'promyelocytes_manual_count_delta', 'myelocytes_manual_count_delta', 'metamyelocytes_manual_count_delta', 'other_cell_type_manual_count_delta', 'absolute_blasts_manual_count_delta', 'absolute_promyelocytes_manual_count_delta', 'absolute_myelocytes_manual_count_delta', 'absolute_metamyelocytes_manual_count_delta', 'absolute_other_cell_type_manual_count_delta', 'mpv_pct_delta', 'nrbc_per_100_wbcs_by_automated_count_pct_delta', 'immature_granulocyte_automated_count_pct_delta', 'eosinophils_count_pct_delta', 'basophils_count_pct_delta', 'absolute_immature_granulocyte_automated_count_pct_delta', 'absolute_eosinophils_count_pct_delta', 'absolute_basophils_count_pct_delta', 'atypical_lymphocytes_manual_count_pct_delta', 'bands_manual_count_pct_delta', 'blasts_manual_count_pct_delta', 'promyelocytes_manual_count_pct_delta', 'myelocytes_manual_count_pct_delta', 'metamyelocytes_manual_count_pct_delta', 'other_cell_type_manual_count_pct_delta', 'absolute_blasts_manual_count_pct_delta', 'absolute_promyelocytes_manual_count_pct_delta', 'absolute_myelocytes_manual_count_pct_delta', 'absolute_metamyelocytes_manual_count_pct_delta', 'absolute_other_cell_type_manual_count_pct_delta']
2025-04-24 11:01:27.933 INFO Dataset - standarize: Standarizing data with cols to ignore ['target']
2025-04-24 11:01:28.025 INFO Dataset - split_x_y: Splitting data into x and y
2025-04-24 11:01:28.089 INFO utils - save_prediction: saving model to ./predictions/individual_predictions/majority_vote_val_pred.pkl
2025-04-24 11:01:28.090 INFO utils - save_prediction: saving model to ./predictions/individual_predictions/majority_vote_test_pred.pkl
2025-04-24 11:01:28.113 INFO utils - get_metrics: majority vote validation accuracy: 0.9486
2025-04-24 11:01:28.113 INFO utils - get_metrics: majority vote validation f1: 0.9469
2025-04-24 11:01:28.113 INFO utils - get_metrics: majority vote validation recall: 0.9271
2025-04-24 11:01:28.113 INFO utils - get_metrics: majority vote validation precision: 0.9676
2025-04-24 11:01:28.116 INFO utils - get_metrics: majority vote validation confusion matrix 
 [[37850  1186]
 [ 2786 35431]]
2025-04-24 11:01:28.456 INFO utils - get_metrics: majority vote test accuracy: 0.9533
2025-04-24 11:01:28.456 INFO utils - get_metrics: majority vote test f1: 0.9524
2025-04-24 11:01:28.456 INFO utils - get_metrics: majority vote test recall: 0.9349
2025-04-24 11:01:28.456 INFO utils - get_metrics: majority vote test precision: 0.9706
2025-04-24 11:01:28.457 INFO utils - get_metrics: majority vote test confusion matrix 
 [[6629  193]
 [ 444 6376]]
